Component: ARM Compiler 5.06 update 3 (build 300) Tool: armlink [4d35c9]

==============================================================================

Section Cross References

    startup_stm32f427xx.o(RESET) refers to startup_stm32f427xx.o(STACK) for __initial_sp
    startup_stm32f427xx.o(RESET) refers to startup_stm32f427xx.o(.text) for Reset_Handler
    startup_stm32f427xx.o(RESET) refers to stm32f4xx_it.o(i.NMI_Handler) for NMI_Handler
    startup_stm32f427xx.o(RESET) refers to stm32f4xx_it.o(i.HardFault_Handler) for HardFault_Handler
    startup_stm32f427xx.o(RESET) refers to stm32f4xx_it.o(i.MemManage_Handler) for MemManage_Handler
    startup_stm32f427xx.o(RESET) refers to stm32f4xx_it.o(i.BusFault_Handler) for BusFault_Handler
    startup_stm32f427xx.o(RESET) refers to stm32f4xx_it.o(i.UsageFault_Handler) for UsageFault_Handler
    startup_stm32f427xx.o(RESET) refers to port.o(.emb_text) for SVC_Handler
    startup_stm32f427xx.o(RESET) refers to stm32f4xx_it.o(i.DebugMon_Handler) for DebugMon_Handler
    startup_stm32f427xx.o(RESET) refers to port.o(i.SysTick_Handler) for SysTick_Handler
    startup_stm32f427xx.o(RESET) refers to stm32f4xx_it.o(i.DMA1_Stream1_IRQHandler) for DMA1_Stream1_IRQHandler
    startup_stm32f427xx.o(RESET) refers to stm32f4xx_it.o(i.DMA1_Stream3_IRQHandler) for DMA1_Stream3_IRQHandler
    startup_stm32f427xx.o(RESET) refers to stm32f4xx_it.o(i.DMA1_Stream5_IRQHandler) for DMA1_Stream5_IRQHandler
    startup_stm32f427xx.o(RESET) refers to stm32f4xx_it.o(i.DMA1_Stream6_IRQHandler) for DMA1_Stream6_IRQHandler
    startup_stm32f427xx.o(RESET) refers to stm32f4xx_it.o(i.CAN1_TX_IRQHandler) for CAN1_TX_IRQHandler
    startup_stm32f427xx.o(RESET) refers to stm32f4xx_it.o(i.CAN1_RX0_IRQHandler) for CAN1_RX0_IRQHandler
    startup_stm32f427xx.o(RESET) refers to stm32f4xx_it.o(i.USART1_IRQHandler) for USART1_IRQHandler
    startup_stm32f427xx.o(RESET) refers to stm32f4xx_it.o(i.USART2_IRQHandler) for USART2_IRQHandler
    startup_stm32f427xx.o(RESET) refers to stm32f4xx_it.o(i.SDIO_IRQHandler) for SDIO_IRQHandler
    startup_stm32f427xx.o(RESET) refers to stm32f4xx_it.o(i.TIM6_DAC_IRQHandler) for TIM6_DAC_IRQHandler
    startup_stm32f427xx.o(RESET) refers to stm32f4xx_it.o(i.DMA2_Stream1_IRQHandler) for DMA2_Stream1_IRQHandler
    startup_stm32f427xx.o(RESET) refers to stm32f4xx_it.o(i.DMA2_Stream2_IRQHandler) for DMA2_Stream2_IRQHandler
    startup_stm32f427xx.o(RESET) refers to stm32f4xx_it.o(i.CAN2_TX_IRQHandler) for CAN2_TX_IRQHandler
    startup_stm32f427xx.o(RESET) refers to stm32f4xx_it.o(i.CAN2_RX0_IRQHandler) for CAN2_RX0_IRQHandler
    startup_stm32f427xx.o(RESET) refers to stm32f4xx_it.o(i.DMA2_Stream6_IRQHandler) for DMA2_Stream6_IRQHandler
    startup_stm32f427xx.o(RESET) refers to stm32f4xx_it.o(i.USART6_IRQHandler) for USART6_IRQHandler
    startup_stm32f427xx.o(.text) refers to system_stm32f4xx.o(i.SystemInit) for SystemInit
    startup_stm32f427xx.o(.text) refers to entry.o(.ARM.Collect$$$$00000000) for __main
    main.o(i.HAL_TIM_PeriodElapsedCallback) refers to stm32f4xx_hal.o(i.HAL_IncTick) for HAL_IncTick
    main.o(i.SystemClock_Config) refers to memseta.o(.text) for __aeabi_memclr4
    main.o(i.SystemClock_Config) refers to stm32f4xx_hal_rcc.o(i.HAL_RCC_OscConfig) for HAL_RCC_OscConfig
    main.o(i.SystemClock_Config) refers to stm32f4xx_hal_pwr_ex.o(i.HAL_PWREx_EnableOverDrive) for HAL_PWREx_EnableOverDrive
    main.o(i.SystemClock_Config) refers to stm32f4xx_hal_rcc.o(i.HAL_RCC_ClockConfig) for HAL_RCC_ClockConfig
    main.o(i.SystemClock_Config) refers to stm32f4xx_hal_rcc_ex.o(i.HAL_RCCEx_PeriphCLKConfig) for HAL_RCCEx_PeriphCLKConfig
    main.o(i.main) refers to stm32f4xx_hal.o(i.HAL_Init) for HAL_Init
    main.o(i.main) refers to main.o(i.SystemClock_Config) for SystemClock_Config
    main.o(i.main) refers to gpio.o(i.MX_GPIO_Init) for MX_GPIO_Init
    main.o(i.main) refers to dma.o(i.MX_DMA_Init) for MX_DMA_Init
    main.o(i.main) refers to rtc.o(i.MX_RTC_Init) for MX_RTC_Init
    main.o(i.main) refers to tim.o(i.MX_TIM1_Init) for MX_TIM1_Init
    main.o(i.main) refers to tim.o(i.MX_TIM2_Init) for MX_TIM2_Init
    main.o(i.main) refers to tim.o(i.MX_TIM3_Init) for MX_TIM3_Init
    main.o(i.main) refers to tim.o(i.MX_TIM4_Init) for MX_TIM4_Init
    main.o(i.main) refers to tim.o(i.MX_TIM5_Init) for MX_TIM5_Init
    main.o(i.main) refers to tim.o(i.MX_TIM8_Init) for MX_TIM8_Init
    main.o(i.main) refers to tim.o(i.MX_TIM12_Init) for MX_TIM12_Init
    main.o(i.main) refers to can.o(i.MX_CAN1_Init) for MX_CAN1_Init
    main.o(i.main) refers to can.o(i.MX_CAN2_Init) for MX_CAN2_Init
    main.o(i.main) refers to sdio.o(i.MX_SDIO_SD_Init) for MX_SDIO_SD_Init
    main.o(i.main) refers to spi.o(i.MX_SPI5_Init) for MX_SPI5_Init
    main.o(i.main) refers to usart.o(i.MX_USART1_UART_Init) for MX_USART1_UART_Init
    main.o(i.main) refers to usart.o(i.MX_USART2_UART_Init) for MX_USART2_UART_Init
[...]
    Dealdata                                 0x08001391   Thumb Code   134  stmgood.o(i.Dealdata)
    DebugMon_Handler                         0x08001421   Thumb Code     2  stm32f4xx_it.o(i.DebugMon_Handler)
    DeviceDetect                             0x08001425   Thumb Code    52  detect.o(i.DeviceDetect)
    Error_Handler                            0x0800145d   Thumb Code     2  main.o(i.Error_Handler)
    FirstSpace                               0x0800145f   Thumb Code    24  stmgood.o(i.FirstSpace)
    GetDBUS                                  0x08001479   Thumb Code   206  dbus.o(i.GetDBUS)
    GetDeviceState                           0x08001555   Thumb Code   118  detect.o(i.GetDeviceState)
    GetGimbalTarget                          0x080015d5   Thumb Code   230  gimbalcontrol.o(i.GetGimbalTarget)
    GimbalCalibration                        0x080016dd   Thumb Code    90  gimbalcontrol.o(i.GimbalCalibration)
    GimbalInit                               0x08001741   Thumb Code   126  gimbalcontrol.o(i.GimbalInit)
    HAL_CAN_ActivateNotification             0x080017e9   Thumb Code    40  stm32f4xx_hal_can.o(i.HAL_CAN_ActivateNotification)
    HAL_CAN_AddTxMessage                     0x08001811   Thumb Code   200  stm32f4xx_hal_can.o(i.HAL_CAN_AddTxMessage)
    HAL_CAN_ConfigFilter                     0x080018d9   Thumb Code   262  stm32f4xx_hal_can.o(i.HAL_CAN_ConfigFilter)
    HAL_CAN_ErrorCallback                    0x080019e5   Thumb Code     2  stm32f4xx_hal_can.o(i.HAL_CAN_ErrorCallback)
    HAL_CAN_GetRxMessage                     0x080019e7   Thumb Code   250  stm32f4xx_hal_can.o(i.HAL_CAN_GetRxMessage)
    HAL_CAN_IRQHandler                       0x08001ae1   Thumb Code   508  stm32f4xx_hal_can.o(i.HAL_CAN_IRQHandler)
    HAL_CAN_Init                             0x08001cdd   Thumb Code   282  stm32f4xx_hal_can.o(i.HAL_CAN_Init)
    HAL_CAN_MspInit                          0x08001df9   Thumb Code   260  can.o(i.HAL_CAN_MspInit)
    HAL_CAN_RxFifo0FullCallback              0x08001f15   Thumb Code     2  stm32f4xx_hal_can.o(i.HAL_CAN_RxFifo0FullCallback)
    HAL_CAN_RxFifo0MsgPendingCallback        0x08001f19   Thumb Code   372  bsp_can.o(i.HAL_CAN_RxFifo0MsgPendingCallback)
    HAL_CAN_RxFifo1FullCallback              0x080020b1   Thumb Code     2  stm32f4xx_hal_can.o(i.HAL_CAN_RxFifo1FullCallback)
    HAL_CAN_RxFifo1MsgPendingCallback        0x080020b3   Thumb Code     2  stm32f4xx_hal_can.o(i.HAL_CAN_RxFifo1MsgPendingCallback)
    HAL_CAN_SleepCallback                    0x080020b5   Thumb Code     2  stm32f4xx_hal_can.o(i.HAL_CAN_SleepCallback)
    HAL_CAN_Start                            0x080020b9   Thumb Code    88  stm32f4xx_hal_can.o(i.HAL_CAN_Start)
    HAL_CAN_TxMailbox0AbortCallback          0x08002111   Thumb Code     2  stm32f4xx_hal_can.o(i.HAL_CAN_TxMailbox0AbortCallback)
    HAL_CAN_TxMailbox0CompleteCallback       0x08002113   Thumb Code     2  stm32f4xx_hal_can.o(i.HAL_CAN_TxMailbox0CompleteCallback)
    HAL_CAN_TxMailbox1AbortCallback          0x08002115   Thumb Code     2  stm32f4xx_hal_can.o(i.HAL_CAN_TxMailbox1AbortCallback)
    HAL_CAN_TxMailbox1CompleteCallback       0x08002117   Thumb Code     2  stm32f4xx_hal_can.o(i.HAL_CAN_TxMailbox1CompleteCallback)
    HAL_CAN_TxMailbox2AbortCallback          0x08002119   Thumb Code     2  stm32f4xx_hal_can.o(i.HAL_CAN_TxMailbox2AbortCallback)
    HAL_CAN_TxMailbox2CompleteCallback       0x0800211b   Thumb Code     2  stm32f4xx_hal_can.o(i.HAL_CAN_TxMailbox2CompleteCallback)
    HAL_CAN_WakeUpFromRxMsgCallback          0x0800211d   Thumb Code     2  stm32f4xx_hal_can.o(i.HAL_CAN_WakeUpFromRxMsgCallback)
    HAL_DMA_Abort                            0x0800211f   Thumb Code   142  stm32f4xx_hal_dma.o(i.HAL_DMA_Abort)
    HAL_DMA_Abort_IT                         0x080021ad   Thumb Code    36  stm32f4xx_hal_dma.o(i.HAL_DMA_Abort_IT)
    HAL_DMA_IRQHandler                       0x080021d1   Thumb Code   412  stm32f4xx_hal_dma.o(i.HAL_DMA_IRQHandler)
    HAL_DMA_Init                             0x08002371   Thumb Code   206  stm32f4xx_hal_dma.o(i.HAL_DMA_Init)
    HAL_DMA_Start                            0x08002445   Thumb Code    70  stm32f4xx_hal_dma.o(i.HAL_DMA_Start)
    HAL_DMA_Start_IT                         0x0800248b   Thumb Code   120  stm32f4xx_hal_dma.o(i.HAL_DMA_Start_IT)
    HAL_Delay                                0x08002505   Thumb Code    32  stm32f4xx_hal.o(i.HAL_Delay)
    HAL_GPIO_Init                            0x08002529   Thumb Code   408  stm32f4xx_hal_gpio.o(i.HAL_GPIO_Init)
    HAL_GPIO_TogglePin                       0x080026f5   Thumb Code     8  stm32f4xx_hal_gpio.o(i.HAL_GPIO_TogglePin)
    HAL_GPIO_WritePin                        0x080026fd   Thumb Code    10  stm32f4xx_hal_gpio.o(i.HAL_GPIO_WritePin)
    HAL_GetTick                              0x08002709   Thumb Code     6  stm32f4xx_hal.o(i.HAL_GetTick)
    HAL_IncTick                              0x08002715   Thumb Code    12  stm32f4xx_hal.o(i.HAL_IncTick)
    HAL_Init                                 0x08002725   Thumb Code    48  stm32f4xx_hal.o(i.HAL_Init)
    HAL_InitTick                             0x08002759   Thumb Code   100  stm32f4xx_hal_timebase_tim_1.o(i.HAL_InitTick)
    HAL_MspInit                              0x080027cd   Thumb Code    52  stm32f4xx_hal_msp.o(i.HAL_MspInit)
    HAL_NVIC_EnableIRQ                       0x08002805   Thumb Code    22  stm32f4xx_hal_cortex.o(i.HAL_NVIC_EnableIRQ)
    HAL_NVIC_SetPriority                     0x0800281d   Thumb Code    60  stm32f4xx_hal_cortex.o(i.HAL_NVIC_SetPriority)
    HAL_NVIC_SetPriorityGrouping             0x0800285d   Thumb Code    26  stm32f4xx_hal_cortex.o(i.HAL_NVIC_SetPriorityGrouping)
    HAL_PWREx_EnableOverDrive                0x08002881   Thumb Code    98  stm32f4xx_hal_pwr_ex.o(i.HAL_PWREx_EnableOverDrive)
    HAL_RCCEx_PeriphCLKConfig                0x080028f1   Thumb Code   528  stm32f4xx_hal_rcc_ex.o(i.HAL_RCCEx_PeriphCLKConfig)
    HAL_RCC_ClockConfig                      0x08002b25   Thumb Code   286  stm32f4xx_hal_rcc.o(i.HAL_RCC_ClockConfig)
    HAL_RCC_GetClockConfig                   0x08002c55   Thumb Code    54  stm32f4xx_hal_rcc.o(i.HAL_RCC_GetClockConfig)
    HAL_RCC_GetPCLK1Freq                     0x08002c95   Thumb Code    20  stm32f4xx_hal_rcc.o(i.HAL_RCC_GetPCLK1Freq)
    HAL_RCC_GetPCLK2Freq                     0x08002cb5   Thumb Code    20  stm32f4xx_hal_rcc.o(i.HAL_RCC_GetPCLK2Freq)
    HAL_RCC_GetSysClockFreq                  0x08002cd5   Thumb Code    88  stm32f4xx_hal_rcc.o(i.HAL_RCC_GetSysClockFreq)
    HAL_RCC_OscConfig                        0x08002d39   Thumb Code   770  stm32f4xx_hal_rcc.o(i.HAL_RCC_OscConfig)
    HAL_RTCEx_SetWakeUpTimer                 0x08003055   Thumb Code   194  stm32f4xx_hal_rtc_ex.o(i.HAL_RTCEx_SetWakeUpTimer)
    HAL_RTC_Init                             0x08003119   Thumb Code   166  stm32f4xx_hal_rtc.o(i.HAL_RTC_Init)
    HAL_RTC_MspInit                          0x080031c5   Thumb Code    16  rtc.o(i.HAL_RTC_MspInit)
    HAL_RTC_SetDate                          0x080031dd   Thumb Code   194  stm32f4xx_hal_rtc.o(i.HAL_RTC_SetDate)
    HAL_RTC_SetTime                          0x080032a5   Thumb Code   236  stm32f4xx_hal_rtc.o(i.HAL_RTC_SetTime)
    HAL_RTC_WaitForSynchro                   0x08003395   Thumb Code    54  stm32f4xx_hal_rtc.o(i.HAL_RTC_WaitForSynchro)
    HAL_SD_AbortCallback                     0x080033cb   Thumb Code     2  stm32f4xx_hal_sd.o(i.HAL_SD_AbortCallback)
    HAL_SD_ConfigWideBusOperation            0x080033cd   Thumb Code   120  stm32f4xx_hal_sd.o(i.HAL_SD_ConfigWideBusOperation)
    HAL_SD_ErrorCallback                     0x08003445   Thumb Code     2  stm32f4xx_hal_sd.o(i.HAL_SD_ErrorCallback)
    HAL_SD_GetCardCSD                        0x08003447   Thumb Code   474  stm32f4xx_hal_sd.o(i.HAL_SD_GetCardCSD)
    HAL_SD_GetCardState                      0x08003621   Thumb Code    44  stm32f4xx_hal_sd.o(i.HAL_SD_GetCardState)
    HAL_SD_IRQHandler                        0x0800364d   Thumb Code   438  stm32f4xx_hal_sd.o(i.HAL_SD_IRQHandler)
    HAL_SD_Init                              0x0800380d   Thumb Code    54  stm32f4xx_hal_sd.o(i.HAL_SD_Init)
    HAL_SD_InitCard                          0x08003845   Thumb Code    80  stm32f4xx_hal_sd.o(i.HAL_SD_InitCard)
    HAL_SD_MspInit                           0x08003899   Thumb Code   146  sdio.o(i.HAL_SD_MspInit)
    HAL_SD_RxCpltCallback                    0x0800393d   Thumb Code     2  stm32f4xx_hal_sd.o(i.HAL_SD_RxCpltCallback)
    HAL_SD_TxCpltCallback                    0x0800393f   Thumb Code     2  stm32f4xx_hal_sd.o(i.HAL_SD_TxCpltCallback)
    HAL_SPI_Init                             0x08003941   Thumb Code   128  stm32f4xx_hal_spi.o(i.HAL_SPI_Init)
    HAL_SPI_MspInit                          0x080039c1   Thumb Code    94  spi.o(i.HAL_SPI_MspInit)
    HAL_SPI_TransmitReceive                  0x08003a2d   Thumb Code   472  stm32f4xx_hal_spi.o(i.HAL_SPI_TransmitReceive)
    HAL_TIMEx_BreakCallback                  0x08003c05   Thumb Code     2  stm32f4xx_hal_tim_ex.o(i.HAL_TIMEx_BreakCallback)
    HAL_TIMEx_CommutationCallback            0x08003c07   Thumb Code     2  stm32f4xx_hal_tim_ex.o(i.HAL_TIMEx_CommutationCallback)
    HAL_TIMEx_ConfigBreakDeadTime            0x08003c09   Thumb Code    90  stm32f4xx_hal_tim_ex.o(i.HAL_TIMEx_ConfigBreakDeadTime)
    HAL_TIMEx_MasterConfigSynchronization    0x08003c63   Thumb Code    80  stm32f4xx_hal_tim_ex.o(i.HAL_TIMEx_MasterConfigSynchronization)
    HAL_TIM_Base_Init                        0x08003cb3   Thumb Code    54  stm32f4xx_hal_tim.o(i.HAL_TIM_Base_Init)
    HAL_TIM_Base_MspInit                     0x08003ce9   Thumb Code     2  stm32f4xx_hal_tim.o(i.HAL_TIM_Base_MspInit)
    HAL_TIM_Base_Start_IT                    0x08003ceb   Thumb Code    24  stm32f4xx_hal_tim.o(i.HAL_TIM_Base_Start_IT)
    HAL_TIM_IC_CaptureCallback               0x08003d03   Thumb Code     2  stm32f4xx_hal_tim.o(i.HAL_TIM_IC_CaptureCallback)
    HAL_TIM_IRQHandler                       0x08003d05   Thumb Code   358  stm32f4xx_hal_tim.o(i.HAL_TIM_IRQHandler)
    HAL_TIM_MspPostInit                      0x08003e6d   Thumb Code   380  tim.o(i.HAL_TIM_MspPostInit)
    HAL_TIM_OC_DelayElapsedCallback          0x0800401d   Thumb Code     2  stm32f4xx_hal_tim.o(i.HAL_TIM_OC_DelayElapsedCallback)
    HAL_TIM_PWM_ConfigChannel                0x0800401f   Thumb Code   208  stm32f4xx_hal_tim.o(i.HAL_TIM_PWM_ConfigChannel)
    HAL_TIM_PWM_Init                         0x080040ef   Thumb Code    54  stm32f4xx_hal_tim.o(i.HAL_TIM_PWM_Init)
    HAL_TIM_PWM_MspInit                      0x08004125   Thumb Code   158  tim.o(i.HAL_TIM_PWM_MspInit)
    HAL_TIM_PWM_PulseFinishedCallback        0x080041e1   Thumb Code     2  stm32f4xx_hal_tim.o(i.HAL_TIM_PWM_PulseFinishedCallback)
    HAL_TIM_PWM_Start                        0x080041e5   Thumb Code    48  stm32f4xx_hal_tim.o(i.HAL_TIM_PWM_Start)
    HAL_TIM_PeriodElapsedCallback            0x0800421d   Thumb Code    14  main.o(i.HAL_TIM_PeriodElapsedCallback)
    HAL_TIM_TriggerCallback                  0x08004231   Thumb Code     2  stm32f4xx_hal_tim.o(i.HAL_TIM_TriggerCallback)
    HAL_UART_DMAStop                         0x08004233   Thumb Code    88  stm32f4xx_hal_uart.o(i.HAL_UART_DMAStop)
    HAL_UART_ErrorCallback                   0x0800428b   Thumb Code    18  bsp_usart.o(i.HAL_UART_ErrorCallback)
    HAL_UART_IRQHandler                      0x0800429d   Thumb Code   266  stm32f4xx_hal_uart.o(i.HAL_UART_IRQHandler)
    HAL_UART_Init                            0x080043ad   Thumb Code    98  stm32f4xx_hal_uart.o(i.HAL_UART_Init)
    HAL_UART_MspInit                         0x08004411   Thumb Code   730  usart.o(i.HAL_UART_MspInit)
    HAL_UART_Receive_DMA                     0x08004721   Thumb Code   138  stm32f4xx_hal_uart.o(i.HAL_UART_Receive_DMA)
    HAL_UART_Receive_IT                      0x080047b9   Thumb Code    72  stm32f4xx_hal_uart.o(i.HAL_UART_Receive_IT)
    HAL_UART_RxCpltCallback                  0x08004801   Thumb Code    44  bsp_usart.o(i.HAL_UART_RxCpltCallback)
    HAL_UART_RxHalfCpltCallback              0x08004839   Thumb Code     2  stm32f4xx_hal_uart.o(i.HAL_UART_RxHalfCpltCallback)
    HAL_UART_Transmit_IT                     0x0800483b   Thumb Code    62  stm32f4xx_hal_uart.o(i.HAL_UART_Transmit_IT)
    HAL_UART_TxCpltCallback                  0x08004879   Thumb Code     2  stm32f4xx_hal_uart.o(i.HAL_UART_TxCpltCallback)
    HardFault_Handler                        0x0800487b   Thumb Code     2  stm32f4xx_it.o(i.HardFault_Handler)
    IMU_Get_Data                             0x0800487d   Thumb Code   224  mpu6500.o(i.IMU_Get_Data)
    IST8310_Init                             0x08004971   Thumb Code   242  mpu6500.o(i.IST8310_Init)
    InfantryYawUpdate                        0x08004add   Thumb Code   630  imucal.o(i.InfantryYawUpdate)
    JudgeDeviceState                         0x08004d7d   Thumb Code    32  detect.o(i.JudgeDeviceState)
    JudgeGyro                                0x08004da1   Thumb Code   108  detect.o(i.JudgeGyro)
    MPU6500_Init                             0x08004e19   Thumb Code   168  mpu6500.o(i.MPU6500_Init)
    MPU6500_Read_Reg                         0x08004edd   Thumb Code    68  mpu6500.o(i.MPU6500_Read_Reg)
    MPU6500_Read_Regs                        0x08004f2d   Thumb Code    78  mpu6500.o(i.MPU6500_Read_Regs)
    MPU6500_Write_Reg                        0x08004f89   Thumb Code    72  mpu6500.o(i.MPU6500_Write_Reg)
    MX_CAN1_Init                             0x0800506d   Thumb Code    60  can.o(i.MX_CAN1_Init)
    MX_CAN2_Init                             0x080050b1   Thumb Code    64  can.o(i.MX_CAN2_Init)
    MX_DMA_Init                              0x080050f9   Thumb Code   152  dma.o(i.MX_DMA_Init)
    MX_FREERTOS_Init                         0x08005195   Thumb Code   162  freertos.o(i.MX_FREERTOS_Init)
    MX_GPIO_Init                             0x08005241   Thumb Code   388  gpio.o(i.MX_GPIO_Init)
    MX_RTC_Init                              0x080053e5   Thumb Code   136  rtc.o(i.MX_RTC_Init)
    MX_SDIO_SD_Init                          0x08005475   Thumb Code    56  sdio.o(i.MX_SDIO_SD_Init)
    MX_SPI5_Init                             0x080054b5   Thumb Code    62  spi.o(i.MX_SPI5_Init)
    MX_TIM12_Init                            0x080054fd   Thumb Code   100  tim.o(i.MX_TIM12_Init)
    MX_TIM1_Init                             0x08005569   Thumb Code   202  tim.o(i.MX_TIM1_Init)
    MX_TIM2_Init                             0x0800563d   Thumb Code   156  tim.o(i.MX_TIM2_Init)
    MX_TIM3_Init                             0x080056dd   Thumb Code   114  tim.o(i.MX_TIM3_Init)
    MX_TIM4_Init                             0x08005759   Thumb Code   154  tim.o(i.MX_TIM4_Init)
    MX_TIM5_Init                             0x080057fd   Thumb Code   154  tim.o(i.MX_TIM5_Init)
    MX_TIM8_Init                             0x080058a1   Thumb Code   202  tim.o(i.MX_TIM8_Init)
    MX_USART1_UART_Init                      0x08005975   Thumb Code    50  usart.o(i.MX_USART1_UART_Init)
    MX_USART2_UART_Init                      0x080059b5   Thumb Code    48  usart.o(i.MX_USART2_UART_Init)
    MX_USART3_UART_Init                      0x080059ed   Thumb Code    48  usart.o(i.MX_USART3_UART_Init)
    MX_USART6_UART_Init                      0x08005a25   Thumb Code    48  usart.o(i.MX_USART6_UART_Init)
    MemManage_Handler                        0x08005a5d   Thumb Code     2  stm32f4xx_it.o(i.MemManage_Handler)
    NMI_Handler                              0x08005a5f   Thumb Code     2  stm32f4xx_it.o(i.NMI_Handler)
    PID_AbsoluteMode                         0x08005a81   Thumb Code   134  pid.o(i.PID_AbsoluteMode)
    PID_Temp_Init                            0x08005b09   Thumb Code    56  imucal.o(i.PID_Temp_Init)
    PWMInit                                  0x08005b51   Thumb Code    34  shootcontrol.o(i.PWMInit)
    PitchPID                                 0x08005b81   Thumb Code   256  gimbalcontrol.o(i.PitchPID)
    PrintFunction                            0x08005cb5   Thumb Code   234  writtingtask.o(i.PrintFunction)
    RTC_Bcd2ToByte                           0x08005ed9   Thumb Code    18  stm32f4xx_hal_rtc.o(i.RTC_Bcd2ToByte)
    RTC_ByteToBcd2                           0x08005eeb   Thumb Code    22  stm32f4xx_hal_rtc.o(i.RTC_ByteToBcd2)
    RTC_EnterInitMode                        0x08005f01   Thumb Code    58  stm32f4xx_hal_rtc.o(i.RTC_EnterInitMode)
    SDIO_ConfigData                          0x08005f3b   Thumb Code    36  stm32f4xx_ll_sdmmc.o(i.SDIO_ConfigData)
    SDIO_GetPowerState                       0x08005f5f   Thumb Code     8  stm32f4xx_ll_sdmmc.o(i.SDIO_GetPowerState)
    SDIO_GetResponse                         0x08005f67   Thumb Code    12  stm32f4xx_ll_sdmmc.o(i.SDIO_GetResponse)
    SDIO_IRQHandler                          0x08005f75   Thumb Code     6  stm32f4xx_it.o(i.SDIO_IRQHandler)
    SDIO_Init                                0x08005f81   Thumb Code    36  stm32f4xx_ll_sdmmc.o(i.SDIO_Init)
    SDIO_PowerState_ON                       0x08005fa5   Thumb Code     8  stm32f4xx_ll_sdmmc.o(i.SDIO_PowerState_ON)
    SDIO_ReadFIFO                            0x08005fad   Thumb Code     6  stm32f4xx_ll_sdmmc.o(i.SDIO_ReadFIFO)
    SDIO_SendCommand                         0x08005fb3   Thumb Code    32  stm32f4xx_ll_sdmmc.o(i.SDIO_SendCommand)
    SDIO_WriteFIFO                           0x08005fd3   Thumb Code    10  stm32f4xx_ll_sdmmc.o(i.SDIO_WriteFIFO)
    SDMMC_CmdAppCommand                      0x08005fdd   Thumb Code    50  stm32f4xx_ll_sdmmc.o(i.SDMMC_CmdAppCommand)
    SDMMC_CmdAppOperCommand                  0x08006011   Thumb Code    48  stm32f4xx_ll_sdmmc.o(i.SDMMC_CmdAppOperCommand)
    SDMMC_CmdBlockLength                     0x08006045   Thumb Code    50  stm32f4xx_ll_sdmmc.o(i.SDMMC_CmdBlockLength)
    SDMMC_CmdBusWidth                        0x08006077   Thumb Code    50  stm32f4xx_ll_sdmmc.o(i.SDMMC_CmdBusWidth)
    SDMMC_CmdGoIdleState                     0x080060a9   Thumb Code    76  stm32f4xx_ll_sdmmc.o(i.SDMMC_CmdGoIdleState)
    SDMMC_CmdOperCond                        0x080060f9   Thumb Code    98  stm32f4xx_ll_sdmmc.o(i.SDMMC_CmdOperCond)
    SDMMC_CmdSelDesel                        0x08006161   Thumb Code    50  stm32f4xx_ll_sdmmc.o(i.SDMMC_CmdSelDesel)
    SDMMC_CmdSendCID                         0x08006193   Thumb Code    44  stm32f4xx_ll_sdmmc.o(i.SDMMC_CmdSendCID)
    SDMMC_CmdSendCSD                         0x080061bf   Thumb Code    44  stm32f4xx_ll_sdmmc.o(i.SDMMC_CmdSendCSD)
    SDMMC_CmdSendSCR                         0x080061eb   Thumb Code    48  stm32f4xx_ll_sdmmc.o(i.SDMMC_CmdSendSCR)
    SDMMC_CmdSendStatus                      0x0800621b   Thumb Code    50  stm32f4xx_ll_sdmmc.o(i.SDMMC_CmdSendStatus)
    SDMMC_CmdSetRelAdd                       0x0800624d   Thumb Code    48  stm32f4xx_ll_sdmmc.o(i.SDMMC_CmdSetRelAdd)
    SDMMC_CmdStopTransfer                    0x0800627d   Thumb Code    46  stm32f4xx_ll_sdmmc.o(i.SDMMC_CmdStopTransfer)
    ShootInit                                0x08006921   Thumb Code    74  shootcontrol.o(i.ShootInit)
    SplitStr                                 0x08006985   Thumb Code    80  stmgood.o(i.SplitStr)
    StartDefaultTask                         0x080069d5   Thumb Code     8  freertos.o(i.StartDefaultTask)
    StartTask02                              0x080069dd   Thumb Code    82  writtingtask.o(i.StartTask02)
    StartTask03                              0x08006a3d   Thumb Code   106  writtingtask.o(i.StartTask03)
    StartTask04                              0x08006ab9   Thumb Code    62  writtingtask.o(i.StartTask04)
    StartTask05                              0x08006b05   Thumb Code    30  writtingtask.o(i.StartTask05)
    StartTask06                              0x08006b2d   Thumb Code    70  writtingtask.o(i.StartTask06)
    StartTask07                              0x08006b81   Thumb Code     8  freertos.o(i.StartTask07)
    StirMotorStart                           0x08006b89   Thumb Code    54  shootcontrol.o(i.StirMotorStart)
    StirPID                                  0x08006bd1   Thumb Code   334  shootcontrol.o(i.StirPID)
    StrToFloat                               0x08006d65   Thumb Code   282  stmgood.o(i.StrToFloat)
    Strlen                                   0x08006e99   Thumb Code    16  stmgood.o(i.Strlen)
    SubStr                                   0x08006ea9   Thumb Code    34  stmgood.o(i.SubStr)
    Switchshoot                              0x08006ed1   Thumb Code   112  shootcontrol.o(i.Switchshoot)
    SysTick_Handler                          0x08006f4d   Thumb Code    38  port.o(i.SysTick_Handler)
    SystemClock_Config                       0x08006f79   Thumb Code   156  main.o(i.SystemClock_Config)
    SystemInit                               0x0800701d   Thumb Code    66  system_stm32f4xx.o(i.SystemInit)
    TIM6_DAC_IRQHandler                      0x08007071   Thumb Code     6  stm32f4xx_it.o(i.TIM6_DAC_IRQHandler)
    TIM_Base_SetConfig                       0x0800707d   Thumb Code   148  stm32f4xx_hal_tim.o(i.TIM_Base_SetConfig)
    TIM_CCxChannelCmd                        0x0800713d   Thumb Code    22  stm32f4xx_hal_tim.o(i.TIM_CCxChannelCmd)
    TIM_OC2_SetConfig                        0x080071ad   Thumb Code    90  stm32f4xx_hal_tim.o(i.TIM_OC2_SetConfig)
    Temp_keep                                0x080072c1   Thumb Code    52  imucal.o(i.Temp_keep)
    Turn_off_Fric                            0x08007301   Thumb Code    12  shootcontrol.o(i.Turn_off_Fric)
    Turn_on_Fric                             0x08007311   Thumb Code     8  shootcontrol.o(i.Turn_on_Fric)
    USART1_Enable                            0x08007789   Thumb Code    60  bsp_usart.o(i.USART1_Enable)
    USART1_IDLE_IRQ                          0x080077d1   Thumb Code    42  bsp_usart.o(i.USART1_IDLE_IRQ)
    USART1_IRQHandler                        0x08007805   Thumb Code     4  stm32f4xx_it.o(i.USART1_IRQHandler)
    USART2_Enable                            0x08007809   Thumb Code    26  bsp_usart.o(i.USART2_Enable)
    USART2_IRQHandler                        0x0800782d   Thumb Code     6  stm32f4xx_it.o(i.USART2_IRQHandler)
    USART3_Enable                            0x08007839   Thumb Code    26  bsp_usart.o(i.USART3_Enable)
    USART6_IRQHandler                        0x0800785d   Thumb Code     6  stm32f4xx_it.o(i.USART6_IRQHandler)
    UsageFault_Handler                       0x08007869   Thumb Code     2  stm32f4xx_it.o(i.UsageFault_Handler)
    YawPID                                   0x0800786d   Thumb Code   270  gimbalcontrol.o(i.YawPID)
    __0printf                                0x080079b5   Thumb Code    22  printfa.o(i.__0printf)
    __1printf                                0x080079b5   Thumb Code     0  printfa.o(i.__0printf)
    __2printf                                0x080079b5   Thumb Code     0  printfa.o(i.__0printf)
    __c89printf                              0x080079b5   Thumb Code     0  printfa.o(i.__0printf)
    printf                                   0x080079b5   Thumb Code     0  printfa.o(i.__0printf)
    __ARM_fpclassify                         0x080079d5   Thumb Code    48  fpclassify.o(i.__ARM_fpclassify)
    __hardfp_asin                            0x08007a09   Thumb Code   770  asin.o(i.__hardfp_asin)
    __hardfp_atan                            0x08007d69   Thumb Code   622  atan.o(i.__hardfp_atan)
    __hardfp_atan2                           0x08008041   Thumb Code   432  atan2.o(i.__hardfp_atan2)
    __kernel_poly                            0x08008231   Thumb Code   248  poly.o(i.__kernel_poly)
    __mathlib_dbl_infnan                     0x08008329   Thumb Code    20  dunder.o(i.__mathlib_dbl_infnan)
    __mathlib_dbl_infnan2                    0x0800833d   Thumb Code    20  dunder.o(i.__mathlib_dbl_infnan2)
    __mathlib_dbl_invalid                    0x08008351   Thumb Code    24  dunder.o(i.__mathlib_dbl_invalid)
    __mathlib_dbl_underflow                  0x08008371   Thumb Code    24  dunder.o(i.__mathlib_dbl_underflow)
    __scatterload_copy                       0x08008391   Thumb Code    14  handlers.o(i.__scatterload_copy)
    __scatterload_null                       0x0800839f   Thumb Code     2  handlers.o(i.__scatterload_null)
    __scatterload_zeroinit                   0x080083a1   Thumb Code    14  handlers.o(i.__scatterload_zeroinit)
    __set_errno                              0x080083b1   Thumb Code     6  errno.o(i.__set_errno)
    atan                                     0x08008c6f   Thumb Code    16  atan.o(i.atan)
    cmd                                      0x08008c81   Thumb Code   570  stmgood.o(i.cmd)
    fabs                                     0x08008f4d   Thumb Code    24  fabs.o(i.fabs)
    fputc                                    0x08008f65   Thumb Code    18  bsp_usart.o(i.fputc)
    go1                                      0x08008f7d   Thumb Code     6  stmgood.o(i.go1)
    imu_AHRS_update                          0x08008f8d   Thumb Code   878  imucal.o(i.imu_AHRS_update)
    imu_cal_update                           0x08009315   Thumb Code    22  imucal.o(i.imu_cal_update)
    init_quaternion                          0x0800932d   Thumb Code   298  imucal.o(i.init_quaternion)
    invSqrt                                  0x080094b5   Thumb Code    40  imucal.o(i.invSqrt)
    main                                     0x080094e1   Thumb Code   130  main.o(i.main)
    multi1                                   0x080095e9   Thumb Code    66  stmgood.o(i.multi1)
    multi2                                   0x08009651   Thumb Code    66  stmgood.o(i.multi2)
    multi3                                   0x080096b9   Thumb Code    50  stmgood.o(i.multi3)
    multi4                                   0x08009709   Thumb Code    50  stmgood.o(i.multi4)
    osDelay                                  0x08009755   Thumb Code    14  cmsis_os.o(i.osDelay)
    osKernelStart                            0x08009763   Thumb Code    10  cmsis_os.o(i.osKernelStart)
    osThreadCreate                           0x0800976d   Thumb Code    46  cmsis_os.o(i.osThreadCreate)
    pvPortMalloc                             0x08009ead   Thumb Code   210  heap_4.o(i.pvPortMalloc)
    pvTaskIncrementMutexHeldCount            0x08009f85   Thumb Code    18  tasks.o(i.pvTaskIncrementMutexHeldCount)
    pxPortInitialiseStack                    0x08009f9d   Thumb Code    40  port.o(i.pxPortInitialiseStack)
    sqrt                                     0x08009fc9   Thumb Code   110  sqrt.o(i.sqrt)
    uxListRemove                             0x0800a037   Thumb Code    36  list.o(i.uxListRemove)
    vApplicationStackOverflowHook            0x0800a05b   Thumb Code     2  freertos.o(i.vApplicationStackOverflowHook)
    vListInitialise                          0x0800a05d   Thumb Code    22  list.o(i.vListInitialise)
    vListInitialiseItem                      0x0800a073   Thumb Code     6  list.o(i.vListInitialiseItem)
    vListInsert                              0x0800a079   Thumb Code    48  list.o(i.vListInsert)
    vListInsertEnd                           0x0800a0a9   Thumb Code    24  list.o(i.vListInsertEnd)
    vPortEnterCritical                       0x0800a0c1   Thumb Code    54  port.o(i.vPortEnterCritical)
    vPortExitCritical                        0x0800a101   Thumb Code    34  port.o(i.vPortExitCritical)
    vPortFree                                0x0800a129   Thumb Code    88  heap_4.o(i.vPortFree)
    vPortSetupTimerInterrupt                 0x0800a185   Thumb Code    26  port.o(i.vPortSetupTimerInterrupt)
    vPortValidateInterruptPriority           0x0800a1a5   Thumb Code    74  port.o(i.vPortValidateInterruptPriority)
    vQueueAddToRegistry                      0x0800a1f9   Thumb Code    34  queue.o(i.vQueueAddToRegistry)
    vQueueWaitForMessageRestricted           0x0800a221   Thumb Code    68  queue.o(i.vQueueWaitForMessageRestricted)
    vTaskDelay                               0x0800a265   Thumb Code    66  tasks.o(i.vTaskDelay)
    vTaskMissedYield                         0x0800a2b1   Thumb Code     8  tasks.o(i.vTaskMissedYield)
    vTaskPlaceOnEventList                    0x0800a2bd   Thumb Code    44  tasks.o(i.vTaskPlaceOnEventList)
    vTaskPlaceOnEventListRestricted          0x0800a2ed   Thumb Code    52  tasks.o(i.vTaskPlaceOnEventListRestricted)
    vTaskPriorityInherit                     0x0800a325   Thumb Code   124  tasks.o(i.vTaskPriorityInherit)
    vTaskSetTimeOutState                     0x0800a3a9   Thumb Code    30  tasks.o(i.vTaskSetTimeOutState)
    vTaskStartScheduler                      0x0800a3cd   Thumb Code    94  tasks.o(i.vTaskStartScheduler)
    vTaskSuspendAll                          0x0800a43d   Thumb Code    10  tasks.o(i.vTaskSuspendAll)
    vTaskSwitchContext                       0x0800a44d   Thumb Code   106  tasks.o(i.vTaskSwitchContext)
    xPortStartScheduler                      0x0800a4c1   Thumb Code   202  port.o(i.xPortStartScheduler)
    xQueueGenericCreate                      0x0800a5a1   Thumb Code    82  queue.o(i.xQueueGenericCreate)
    xQueueGenericReceive                     0x0800a5f5   Thumb Code   360  queue.o(i.xQueueGenericReceive)
    xQueueGenericReset                       0x0800a761   Thumb Code   132  queue.o(i.xQueueGenericReset)
    xQueueGenericSend                        0x0800a7e9   Thumb Code   346  queue.o(i.xQueueGenericSend)
    xQueueGenericSendFromISR                 0x0800a949   Thumb Code   188  queue.o(i.xQueueGenericSendFromISR)
    xTaskCheckForTimeOut                     0x0800aa05   Thumb Code   102  tasks.o(i.xTaskCheckForTimeOut)
    xTaskCreate                              0x0800aa71   Thumb Code    86  tasks.o(i.xTaskCreate)
    xTaskGetSchedulerState                   0x0800aac9   Thumb Code    22  tasks.o(i.xTaskGetSchedulerState)
    xTaskGetTickCount                        0x0800aae5   Thumb Code     6  tasks.o(i.xTaskGetTickCount)
    xTaskIncrementTick                       0x0800aaf1   Thumb Code   192  tasks.o(i.xTaskIncrementTick)
    xTaskPriorityDisinherit                  0x0800abb9   Thumb Code   144  tasks.o(i.xTaskPriorityDisinherit)
    xTaskRemoveFromEventList                 0x0800ac51   Thumb Code   108  tasks.o(i.xTaskRemoveFromEventList)
    xTaskResumeAll                           0x0800acc5   Thumb Code   182  tasks.o(i.xTaskResumeAll)
    xTimerCreateTimerTask                    0x0800ad89   Thumb Code    56  timers.o(i.xTimerCreateTimerTask)
    xTimerGenericCommand                     0x0800add1   Thumb Code    92  timers.o(i.xTimerGenericCommand)
    xdelay_ms                                0x0800ae31   Thumb Code    24  delay.o(i.xdelay_ms)
    AHBPrescTable                            0x0800aed4   Data          16  system_stm32f4xx.o(.constdata)
    APBPrescTable                            0x0800aee4   Data           8  system_stm32f4xx.o(.constdata)
    __mathlib_zero                           0x0800aff0   Data           8  qnan.o(.constdata)
    Region$$Table$$Base                      0x0800b04c   Number         0  anon$$obj.o(Region$$Table)
    Region$$Table$$Limit                     0x0800b06c   Number         0  anon$$obj.o(Region$$Table)
    defaultTaskHandle                        0x20000004   Data           4  freertos.o(.data)
    myTask02Handle                           0x20000008   Data           4  freertos.o(.data)
    myTask03Handle                           0x2000000c   Data           4  freertos.o(.data)
    myTask04Handle                           0x20000010   Data           4  freertos.o(.data)
    myTask05Handle                           0x20000014   Data           4  freertos.o(.data)
    myTask06Handle                           0x20000018   Data           4  freertos.o(.data)
    myTask07Handle                           0x2000001c   Data           4  freertos.o(.data)
    SystemCoreClock                          0x20000020   Data           4  system_stm32f4xx.o(.data)
    q0                                       0x2000002c   Data           4  imucal.o(.data)
    q1                                       0x20000030   Data           4  imucal.o(.data)
    q2                                       0x20000034   Data           4  imucal.o(.data)
    q3                                       0x20000038   Data           4  imucal.o(.data)
    imu_init_ok                              0x2000003c   Data           4  imucal.o(.data)
    Kp                                       0x20000040   Data           4  imucal.o(.data)
    Ki                                       0x20000044   Data           4  imucal.o(.data)
    halfT                                    0x200000a4   Data           4  imucal.o(.data)
    PitchDebug                               0x200000bc   Data           4  gimbalcontrol.o(.data)
    YawDebug                                 0x200000c0   Data           4  gimbalcontrol.o(.data)
    ShootFrequncy                            0x200000c4   Data           2  shootcontrol.o(.data)
    FrictionSpd                              0x200000c8   Data           4  shootcontrol.o(.data)
    StirMotorDebug                           0x200000cc   Data           4  shootcontrol.o(.data)
    StirMotorMode                            0x200000d4   Data           4  shootcontrol.o(.data)
    StirUpdateCounter                        0x200000d8   Data           4  shootcontrol.o(.data)
    initmark                                 0x200000dc   Data           4  writtingtask.o(.data)
    IMU_OK                                   0x200000e0   Data           4  writtingtask.o(.data)
    GYRO_OK                                  0x200000e4   Data           4  writtingtask.o(.data)
    Stop_GyroJudge                           0x200000e8   Data           4  writtingtask.o(.data)
    GyroscopeState                           0x200000ec   Data           4  writtingtask.o(.data)
    Task_03Init                              0x200000f0   Data           4  writtingtask.o(.data)
    Count                                    0x20000108   Data           1  stmgood.o(.data)
    P                                        0x20000110   Data           8  stmgood.o(.data)
    I                                        0x20000118   Data           8  stmgood.o(.data)
    D                                        0x20000120   Data           8  stmgood.o(.data)
    V1                                       0x20000128   Data           8  stmgood.o(.data)
    p                                        0x20000130   Data           8  stmgood.o(.data)
    i                                        0x20000138   Data           8  stmgood.o(.data)
    d                                        0x20000140   Data           8  stmgood.o(.data)
    V2                                       0x20000148   Data           8  stmgood.o(.data)
    A                                        0x20000150   Data           8  stmgood.o(.data)
    B                                        0x20000158   Data           8  stmgood.o(.data)
    C                                        0x20000160   Data           8  stmgood.o(.data)
    a                                        0x20000168   Data           8  stmgood.o(.data)
    b                                        0x20000170   Data           8  stmgood.o(.data)
    c                                        0x20000178   Data           8  stmgood.o(.data)
    uwTickFreq                               0x2000019c   Data           1  stm32f4xx_hal.o(.data)
    uwTickPrio                               0x200001a0   Data           4  stm32f4xx_hal.o(.data)
    uwTick                                   0x200001a4   Data           4  stm32f4xx_hal.o(.data)
    pxCurrentTCB                             0x200001a8   Data           4  tasks.o(.data)
    __stdout                                 0x2000021c   Data           4  stdout.o(.data)
    hcan1                                    0x20000224   Data          40  can.o(.bss)
    hcan2                                    0x2000024c   Data          40  can.o(.bss)
    hrtc                                     0x20000274   Data          32  rtc.o(.bss)
    hsd                                      0x20000294   Data         132  sdio.o(.bss)
    hspi5                                    0x20000318   Data          88  spi.o(.bss)
    htim1                                    0x20000370   Data          60  tim.o(.bss)
    htim2                                    0x200003ac   Data          60  tim.o(.bss)
    htim3                                    0x200003e8   Data          60  tim.o(.bss)
    htim4                                    0x20000424   Data          60  tim.o(.bss)
    htim5                                    0x20000460   Data          60  tim.o(.bss)
    htim8                                    0x2000049c   Data          60  tim.o(.bss)
    htim12                                   0x200004d8   Data          60  tim.o(.bss)
    huart1                                   0x20000514   Data          64  usart.o(.bss)
    huart2                                   0x20000554   Data          64  usart.o(.bss)
    huart3                                   0x20000594   Data          64  usart.o(.bss)
    huart6                                   0x200005d4   Data          64  usart.o(.bss)
    hdma_usart1_rx                           0x20000614   Data          96  usart.o(.bss)
    hdma_usart2_rx                           0x20000674   Data          96  usart.o(.bss)
    hdma_usart2_tx                           0x200006d4   Data          96  usart.o(.bss)
    hdma_usart3_rx                           0x20000734   Data          96  usart.o(.bss)
    hdma_usart3_tx                           0x20000794   Data          96  usart.o(.bss)
    hdma_usart6_rx                           0x200007f4   Data          96  usart.o(.bss)
    hdma_usart6_tx                           0x20000854   Data          96  usart.o(.bss)
    htim6                                    0x200008b4   Data          60  stm32f4xx_hal_timebase_tim_1.o(.bss)
    Gyroscope1                               0x200008f0   Data          12  bsp_can.o(.bss)
    Gyroscope2                               0x200008fc   Data          12  bsp_can.o(.bss)
    fps                                      0x20000908   Data          44  bsp_can.o(.bss)
    Gyroscope                                0x20000934   Data          12  bsp_can.o(.bss)
    Usart3buff                               0x20000940   Data         100  bsp_usart.o(.bss)
    Usart2buff                               0x200009a4   Data         100  bsp_usart.o(.bss)
    imu_temp                                 0x20000a08   Data          44  imucal.o(.bss)
    imu_data                                 0x20000a34   Data          20  mpu6500.o(.bss)
    imu_data_forcal                          0x20000a48   Data          20  mpu6500.o(.bss)
    imu_data_offset                          0x20000a5c   Data          20  mpu6500.o(.bss)
    GimbalData                               0x20000a70   Data         116  gimbalcontrol.o(.bss)
    YawInner                                 0x20000ae4   Data          44  gimbalcontrol.o(.bss)
    YawOutter                                0x20000b10   Data          44  gimbalcontrol.o(.bss)
    PitchInner                               0x20000b3c   Data          44  gimbalcontrol.o(.bss)
    PitchOutter                              0x20000b68   Data          44  gimbalcontrol.o(.bss)
    StirMotorData                            0x20000b98   Data          48  shootcontrol.o(.bss)
    StirMotorOutterPID                       0x20000bc8   Data          44  shootcontrol.o(.bss)
    StirMotorInnerPID                        0x20000bf4   Data          44  shootcontrol.o(.bss)
    RC_Ctl                                   0x20000c20   Data          20  dbus.o(.bss)
    Remotebuffer                             0x20000c34   Data          18  dbus.o(.bss)
    Cmd1                                     0x20000c48   Data          20  stmgood.o(.bss)
    Cmd2                                     0x20000c5c   Data          80  stmgood.o(.bss)
    Data                                     0x20000cac   Data         100  stmgood.o(.bss)
    Str1                                     0x20000d10   Data         100  stmgood.o(.bss)
    xx                                       0x20000d78   Data         800  stmgood.o(.bss)
    Devicestate                              0x20001098   Data          11  detect.o(.bss)
    Offline                                  0x20001128   Data          11  detect.o(.bss)
    f                                        0x20001165   Data          13  ano_dt.o(.bss)
    data_to_send                             0x20001172   Data          50  ano_dt.o(.bss)
    xQueueRegistry                           0x200011a4   Data          64  queue.o(.bss)
    __initial_sp                             0x20005300   Data           0  startup_stm32f427xx.o(STACK)



==============================================================================

Memory Map of the image

  Image Entry point : 0x080001ad

  Load Region LR_IROM1 (Base: 0x08000000, Size: 0x0000b290, Max: 0x00200000, ABSOLUTE, COMPRESSED[0x0000b094])

    Execution Region ER_IROM1 (Base: 0x08000000, Size: 0x0000b06c, Max: 0x00200000, ABSOLUTE)

    Base Addr    Size         Type   Attr      Idx    E Section Name        Object

    0x08000000   0x000001ac   Data   RO            3    RESET               startup_stm32f427xx.o
    0x080001ac   0x00000000   Code   RO         7292  * .ARM.Collect$$$$00000000  mc_w.l(entry.o)
    0x080001ac   0x00000004   Code   RO         7629    .ARM.Collect$$$$00000001  mc_w.l(entry2.o)
    0x080001b0   0x00000004   Code   RO         7632    .ARM.Collect$$$$00000004  mc_w.l(entry5.o)
    0x080001b4   0x00000000   Code   RO         7634    .ARM.Collect$$$$00000008  mc_w.l(entry7b.o)
    0x080001b4   0x00000000   Code   RO         7636    .ARM.Collect$$$$0000000A  mc_w.l(entry8b.o)
    0x080001b4   0x00000008   Code   RO         7637    .ARM.Collect$$$$0000000B  mc_w.l(entry9a.o)
    0x080001bc   0x00000000   Code   RO         7639    .ARM.Collect$$$$0000000D  mc_w.l(entry10a.o)
    0x080001bc   0x00000000   Code   RO         7641    .ARM.Collect$$$$0000000F  mc_w.l(entry11a.o)
    0x080001bc   0x00000004   Code   RO         7630    .ARM.Collect$$$$00002712  mc_w.l(entry2.o)
    0x080001c0   0x000000ba   Code   RO         7183    .emb_text           port.o
    0x0800027a   0x00000002   PAD
    0x0800027c   0x00000024   Code   RO            4    .text               startup_stm32f427xx.o
    0x080002a0   0x00000062   Code   RO         7295    .text               mc_w.l(uldiv.o)
    0x08000302   0x00000024   Code   RO         7297    .text               mc_w.l(memcpya.o)
    0x08000326   0x00000024   Code   RO         7299    .text               mc_w.l(memseta.o)
    0x0800034a   0x0000014e   Code   RO         7564    .text               mf_w.l(dadd.o)
    0x08000498   0x000000e4   Code   RO         7566    .text               mf_w.l(dmul.o)
    0x0800057c   0x0000002c   Code   RO         7570    .text               mf_w.l(ffltl.o)
    0x080005a8   0x00000022   Code   RO         7572    .text               mf_w.l(dflti.o)
    0x080005ca   0x00000028   Code   RO         7574    .text               mf_w.l(dfltl.o)
    0x080005f2   0x0000004a   Code   RO         7576    .text               mf_w.l(dfixl.o)
    0x0800063c   0x00000026   Code   RO         7578    .text               mf_w.l(f2d.o)
    0x08000662   0x00000002   PAD
    0x08000664   0x00000030   Code   RO         7580    .text               mf_w.l(cdrcmple.o)
    0x08000694   0x00000038   Code   RO         7582    .text               mf_w.l(d2f.o)
    0x080006cc   0x0000002c   Code   RO         7644    .text               mc_w.l(uidiv.o)
    0x080006f8   0x0000001e   Code   RO         7646    .text               mc_w.l(llshl.o)
    0x08000716   0x00000020   Code   RO         7648    .text               mc_w.l(llushr.o)
    0x08000736   0x00000024   Code   RO         7650    .text               mc_w.l(llsshr.o)
    0x0800075a   0x00000000   Code   RO         7659    .text               mc_w.l(iusefp.o)
    0x0800075a   0x0000006e   Code   RO         7660    .text               mf_w.l(fepilogue.o)
    0x080007c8   0x000000ba   Code   RO         7662    .text               mf_w.l(depilogue.o)
    0x08000882   0x000000de   Code   RO         7664    .text               mf_w.l(ddiv.o)
    0x08000960   0x00000030   Code   RO         7666    .text               mf_w.l(dfixul.o)
    0x08000990   0x00000024   Code   RO         7668    .text               mc_w.l(init.o)
    0x080009b4   0x000000a2   Code   RO         7670    .text               mf_w.l(dsqrt.o)
    0x08000a56   0x00000056   Code   RO         7682    .text               mc_w.l(__dczerorl2.o)
    0x08000aac   0x00000180   Code   RO         2173    i.ANO_DT_Data_Exchange  ano_dt.o
    0x08000c2c   0x00000014   Code   RO         2176    i.ANO_DT_Send_Data  ano_dt.o
    0x08000c40   0x000000d4   Code   RO         2181    i.ANO_DT_Send_Senser  ano_dt.o
    0x08000d14   0x0000006c   Code   RO         2183    i.ANO_DT_Send_Version  ano_dt.o
    0x08000d80   0x00000002   Code   RO          734    i.BusFault_Handler  stm32f4xx_it.o
    0x08000d82   0x00000002   PAD
    0x08000d84   0x0000000c   Code   RO         1417    i.Buzzer_off        shootcontrol.o
    0x08000d90   0x00000010   Code   RO         1418    i.Buzzer_on         shootcontrol.o
    0x08000da0   0x0000000c   Code   RO          735    i.CAN1_RX0_IRQHandler  stm32f4xx_it.o
    0x08000dac   0x0000000c   Code   RO          736    i.CAN1_TX_IRQHandler  stm32f4xx_it.o
    0x08000db8   0x0000000c   Code   RO          737    i.CAN2_RX0_IRQHandler  stm32f4xx_it.o
    0x08000dc4   0x0000000c   Code   RO          738    i.CAN2_TX_IRQHandler  stm32f4xx_it.o
    0x08000dd0   0x00000068   Code   RO          993    i.CANFilterStart    bsp_can.o
    0x08000e38   0x00000038   Code   RO          994    i.CAN_Enable        bsp_can.o
    0x08000e70   0x00000050   Code   RO          995    i.Can1_SendMsg      bsp_can.o
    0x08000ec0   0x00000218   Code   RO         1714    i.Command           stmgood.o
    0x080010d8   0x00000030   Code   RO         1715    i.CompStr           stmgood.o
    0x08001108   0x00000016   Code   RO         1716    i.CopyStr           stmgood.o
    0x0800111e   0x00000002   PAD
    0x08001120   0x0000000c   Code   RO          739    i.DMA1_Stream1_IRQHandler  stm32f4xx_it.o
    0x0800112c   0x0000000c   Code   RO          740    i.DMA1_Stream3_IRQHandler  stm32f4xx_it.o
    0x08001138   0x0000000c   Code   RO          741    i.DMA1_Stream5_IRQHandler  stm32f4xx_it.o
    0x08001144   0x0000000c   Code   RO          742    i.DMA1_Stream6_IRQHandler  stm32f4xx_it.o
    0x08001150   0x0000000c   Code   RO          743    i.DMA2_Stream1_IRQHandler  stm32f4xx_it.o
    0x0800115c   0x00000014   Code   RO          744    i.DMA2_Stream2_IRQHandler  stm32f4xx_it.o
    0x08001170   0x0000000c   Code   RO          745    i.DMA2_Stream6_IRQHandler  stm32f4xx_it.o
    0x0800117c   0x00000028   Code   RO         5386    i.DMA_CalcBaseAndBitshift  stm32f4xx_hal_dma.o
    0x080011a4   0x00000054   Code   RO         5387    i.DMA_CheckFifoParam  stm32f4xx_hal_dma.o
    0x080011f8   0x00000028   Code   RO         5388    i.DMA_SetConfig     stm32f4xx_hal_dma.o
    0x08001220   0x00000080   Code   RO         1342    i.DealGimbalPosition  gimbalcontrol.o
    0x080012a0   0x00000068   Code   RO         1420    i.DealStirMotorPosition  shootcontrol.o
    0x08001308   0x00000088   Code   RO         1717    i.DealStr           stmgood.o
    0x08001390   0x00000090   Code   RO         1718    i.Dealdata          stmgood.o
    0x08001420   0x00000002   Code   RO          746    i.DebugMon_Handler  stm32f4xx_it.o
    0x08001422   0x00000002   PAD
    0x08001424   0x00000038   Code   RO         2123    i.DeviceDetect      detect.o
    0x0800145c   0x00000002   Code   RO           13    i.Error_Handler     main.o
    0x0800145e   0x00000018   Code   RO         1719    i.FirstSpace        stmgood.o
    0x08001476   0x00000002   PAD
    0x08001478   0x000000dc   Code   RO         1647    i.GetDBUS           dbus.o
    0x08001554   0x00000080   Code   RO         2124    i.GetDeviceState    detect.o
    0x080015d4   0x00000108   Code   RO         1343    i.GetGimbalTarget   gimbalcontrol.o
    0x080016dc   0x00000064   Code   RO         1344    i.GimbalCalibration  gimbalcontrol.o
    0x08001740   0x000000a8   Code   RO         1345    i.GimbalInit        gimbalcontrol.o
    0x080017e8   0x00000028   Code   RO         2265    i.HAL_CAN_ActivateNotification  stm32f4xx_hal_can.o
    0x08001810   0x000000c8   Code   RO         2266    i.HAL_CAN_AddTxMessage  stm32f4xx_hal_can.o
    0x080018d8   0x0000010c   Code   RO         2267    i.HAL_CAN_ConfigFilter  stm32f4xx_hal_can.o
    0x080019e4   0x00000002   Code   RO         2270    i.HAL_CAN_ErrorCallback  stm32f4xx_hal_can.o
    0x080019e6   0x000000fa   Code   RO         2273    i.HAL_CAN_GetRxMessage  stm32f4xx_hal_can.o
    0x08001ae0   0x000001fc   Code   RO         2277    i.HAL_CAN_IRQHandler  stm32f4xx_hal_can.o
    0x08001cdc   0x0000011a   Code   RO         2278    i.HAL_CAN_Init      stm32f4xx_hal_can.o
    0x08001df6   0x00000002   PAD
    0x08001df8   0x0000011c   Code   RO          297    i.HAL_CAN_MspInit   can.o
    0x08001f14   0x00000002   Code   RO         2285    i.HAL_CAN_RxFifo0FullCallback  stm32f4xx_hal_can.o
    0x08001f16   0x00000002   PAD
    0x08001f18   0x00000198   Code   RO          997    i.HAL_CAN_RxFifo0MsgPendingCallback  bsp_can.o
    0x080020b0   0x00000002   Code   RO         2287    i.HAL_CAN_RxFifo1FullCallback  stm32f4xx_hal_can.o
    0x080020b2   0x00000002   Code   RO         2288    i.HAL_CAN_RxFifo1MsgPendingCallback  stm32f4xx_hal_can.o
    0x080020b4   0x00000002   Code   RO         2289    i.HAL_CAN_SleepCallback  stm32f4xx_hal_can.o
    0x080020b6   0x00000002   PAD
    0x080020b8   0x00000058   Code   RO         2290    i.HAL_CAN_Start     stm32f4xx_hal_can.o
    0x08002110   0x00000002   Code   RO         2292    i.HAL_CAN_TxMailbox0AbortCallback  stm32f4xx_hal_can.o
    0x08002112   0x00000002   Code   RO         2293    i.HAL_CAN_TxMailbox0CompleteCallback  stm32f4xx_hal_can.o
    0x08002114   0x00000002   Code   RO         2294    i.HAL_CAN_TxMailbox1AbortCallback  stm32f4xx_hal_can.o
    0x08002116   0x00000002   Code   RO         2295    i.HAL_CAN_TxMailbox1CompleteCallback  stm32f4xx_hal_can.o
    0x08002118   0x00000002   Code   RO         2296    i.HAL_CAN_TxMailbox2AbortCallback  stm32f4xx_hal_can.o
    0x0800211a   0x00000002   Code   RO         2297    i.HAL_CAN_TxMailbox2CompleteCallback  stm32f4xx_hal_can.o
    0x0800211c   0x00000002   Code   RO         2299    i.HAL_CAN_WakeUpFromRxMsgCallback  stm32f4xx_hal_can.o
    0x0800211e   0x0000008e   Code   RO         5389    i.HAL_DMA_Abort     stm32f4xx_hal_dma.o
    0x080021ac   0x00000024   Code   RO         5390    i.HAL_DMA_Abort_IT  stm32f4xx_hal_dma.o
    0x080021d0   0x000001a0   Code   RO         5394    i.HAL_DMA_IRQHandler  stm32f4xx_hal_dma.o
    0x08002370   0x000000d4   Code   RO         5395    i.HAL_DMA_Init      stm32f4xx_hal_dma.o
    0x08002444   0x00000046   Code   RO         5398    i.HAL_DMA_Start     stm32f4xx_hal_dma.o
    0x0800248a   0x00000078   Code   RO         5399    i.HAL_DMA_Start_IT  stm32f4xx_hal_dma.o
    0x08002502   0x00000002   PAD
    0x08002504   0x00000024   Code   RO         5826    i.HAL_Delay         stm32f4xx_hal.o
    0x08002528   0x000001cc   Code   RO         5282    i.HAL_GPIO_Init     stm32f4xx_hal_gpio.o
    0x080026f4   0x00000008   Code   RO         5285    i.HAL_GPIO_TogglePin  stm32f4xx_hal_gpio.o
    0x080026fc   0x0000000a   Code   RO         5286    i.HAL_GPIO_WritePin  stm32f4xx_hal_gpio.o
    0x08002706   0x00000002   PAD
    0x08002708   0x0000000c   Code   RO         5834    i.HAL_GetTick       stm32f4xx_hal.o
    0x08002714   0x00000010   Code   RO         5838    i.HAL_IncTick       stm32f4xx_hal.o
    0x08002724   0x00000034   Code   RO         5839    i.HAL_Init          stm32f4xx_hal.o
    0x08002758   0x00000074   Code   RO          916    i.HAL_InitTick      stm32f4xx_hal_timebase_tim_1.o
    0x080027cc   0x00000038   Code   RO          892    i.HAL_MspInit       stm32f4xx_hal_msp.o
    0x08002804   0x00000016   Code   RO         5689    i.HAL_NVIC_EnableIRQ  stm32f4xx_hal_cortex.o
    0x0800281a   0x00000002   PAD
    0x0800281c   0x00000040   Code   RO         5695    i.HAL_NVIC_SetPriority  stm32f4xx_hal_cortex.o
    0x0800285c   0x00000024   Code   RO         5696    i.HAL_NVIC_SetPriorityGrouping  stm32f4xx_hal_cortex.o
    0x08002880   0x00000070   Code   RO         5618    i.HAL_PWREx_EnableOverDrive  stm32f4xx_hal_pwr_ex.o
    0x080028f0   0x00000234   Code   RO         4983    i.HAL_RCCEx_PeriphCLKConfig  stm32f4xx_hal_rcc_ex.o
    0x08002b24   0x00000130   Code   RO         4876    i.HAL_RCC_ClockConfig  stm32f4xx_hal_rcc.o
    0x08002c54   0x00000040   Code   RO         4880    i.HAL_RCC_GetClockConfig  stm32f4xx_hal_rcc.o
    0x08002c94   0x00000020   Code   RO         4883    i.HAL_RCC_GetPCLK1Freq  stm32f4xx_hal_rcc.o
    0x08002cb4   0x00000020   Code   RO         4884    i.HAL_RCC_GetPCLK2Freq  stm32f4xx_hal_rcc.o
    0x08002cd4   0x00000064   Code   RO         4885    i.HAL_RCC_GetSysClockFreq  stm32f4xx_hal_rcc.o
    0x08002d38   0x0000031c   Code   RO         4888    i.HAL_RCC_OscConfig  stm32f4xx_hal_rcc.o
    0x08003054   0x000000c2   Code   RO         2662    i.HAL_RTCEx_SetWakeUpTimer  stm32f4xx_hal_rtc_ex.o
    0x08003116   0x00000002   PAD
    0x08003118   0x000000ac   Code   RO         2506    i.HAL_RTC_Init      stm32f4xx_hal_rtc.o
    0x080031c4   0x00000018   Code   RO          465    i.HAL_RTC_MspInit   rtc.o
    0x080031dc   0x000000c8   Code   RO         2512    i.HAL_RTC_SetDate   stm32f4xx_hal_rtc.o
    0x080032a4   0x000000f0   Code   RO         2513    i.HAL_RTC_SetTime   stm32f4xx_hal_rtc.o
    0x08003394   0x00000036   Code   RO         2514    i.HAL_RTC_WaitForSynchro  stm32f4xx_hal_rtc.o
    0x080033ca   0x00000002   Code   RO         3128    i.HAL_SD_AbortCallback  stm32f4xx_hal_sd.o
    0x080033cc   0x00000078   Code   RO         3130    i.HAL_SD_ConfigWideBusOperation  stm32f4xx_hal_sd.o
    0x08003444   0x00000002   Code   RO         3133    i.HAL_SD_ErrorCallback  stm32f4xx_hal_sd.o
    0x08003446   0x000001da   Code   RO         3135    i.HAL_SD_GetCardCSD  stm32f4xx_hal_sd.o
    0x08003620   0x0000002c   Code   RO         3137    i.HAL_SD_GetCardState  stm32f4xx_hal_sd.o
    0x0800364c   0x000001c0   Code   RO         3141    i.HAL_SD_IRQHandler  stm32f4xx_hal_sd.o
    0x0800380c   0x00000036   Code   RO         3142    i.HAL_SD_Init       stm32f4xx_hal_sd.o
    0x08003842   0x00000002   PAD
    0x08003844   0x00000054   Code   RO         3143    i.HAL_SD_InitCard   stm32f4xx_hal_sd.o
    0x08003898   0x000000a4   Code   RO          507    i.HAL_SD_MspInit    sdio.o
    0x0800393c   0x00000002   Code   RO         3149    i.HAL_SD_RxCpltCallback  stm32f4xx_hal_sd.o
    0x0800393e   0x00000002   Code   RO         3150    i.HAL_SD_TxCpltCallback  stm32f4xx_hal_sd.o
    0x08003940   0x00000080   Code   RO         3373    i.HAL_SPI_Init      stm32f4xx_hal_spi.o
    0x080039c0   0x0000006c   Code   RO          549    i.HAL_SPI_MspInit   spi.o
    0x08003a2c   0x000001d8   Code   RO         3382    i.HAL_SPI_TransmitReceive  stm32f4xx_hal_spi.o
    0x08003c04   0x00000002   Code   RO         4310    i.HAL_TIMEx_BreakCallback  stm32f4xx_hal_tim_ex.o
    0x08003c06   0x00000002   Code   RO         4311    i.HAL_TIMEx_CommutationCallback  stm32f4xx_hal_tim_ex.o
    0x08003c08   0x0000005a   Code   RO         4312    i.HAL_TIMEx_ConfigBreakDeadTime  stm32f4xx_hal_tim_ex.o
    0x08003c62   0x00000050   Code   RO         4327    i.HAL_TIMEx_MasterConfigSynchronization  stm32f4xx_hal_tim_ex.o
    0x08003cb2   0x00000036   Code   RO         3681    i.HAL_TIM_Base_Init  stm32f4xx_hal_tim.o
    0x08003ce8   0x00000002   Code   RO         3683    i.HAL_TIM_Base_MspInit  stm32f4xx_hal_tim.o
    0x08003cea   0x00000018   Code   RO         3686    i.HAL_TIM_Base_Start_IT  stm32f4xx_hal_tim.o
    0x08003d02   0x00000002   Code   RO         3710    i.HAL_TIM_IC_CaptureCallback  stm32f4xx_hal_tim.o
    0x08003d04   0x00000166   Code   RO         3723    i.HAL_TIM_IRQHandler  stm32f4xx_hal_tim.o
    0x08003e6a   0x00000002   PAD
    0x08003e6c   0x000001b0   Code   RO          590    i.HAL_TIM_MspPostInit  tim.o
    0x0800401c   0x00000002   Code   RO         3726    i.HAL_TIM_OC_DelayElapsedCallback  stm32f4xx_hal_tim.o
    0x0800401e   0x000000d0   Code   RO         3747    i.HAL_TIM_PWM_ConfigChannel  stm32f4xx_hal_tim.o
    0x080040ee   0x00000036   Code   RO         3750    i.HAL_TIM_PWM_Init  stm32f4xx_hal_tim.o
    0x08004124   0x000000bc   Code   RO          592    i.HAL_TIM_PWM_MspInit  tim.o
    0x080041e0   0x00000002   Code   RO         3753    i.HAL_TIM_PWM_PulseFinishedCallback  stm32f4xx_hal_tim.o
    0x080041e2   0x00000002   PAD
    0x080041e4   0x00000038   Code   RO         3754    i.HAL_TIM_PWM_Start  stm32f4xx_hal_tim.o
    0x0800421c   0x00000014   Code   RO           14    i.HAL_TIM_PeriodElapsedCallback  main.o
    0x08004230   0x00000002   Code   RO         3764    i.HAL_TIM_TriggerCallback  stm32f4xx_hal_tim.o
    0x08004232   0x00000058   Code   RO         4568    i.HAL_UART_DMAStop  stm32f4xx_hal_uart.o
    0x0800428a   0x00000012   Code   RO         1085    i.HAL_UART_ErrorCallback  bsp_usart.o
    0x0800429c   0x00000110   Code   RO         4573    i.HAL_UART_IRQHandler  stm32f4xx_hal_uart.o
    0x080043ac   0x00000062   Code   RO         4574    i.HAL_UART_Init     stm32f4xx_hal_uart.o
    0x0800440e   0x00000002   PAD
    0x08004410   0x00000310   Code   RO          675    i.HAL_UART_MspInit  usart.o
    0x08004720   0x00000098   Code   RO         4578    i.HAL_UART_Receive_DMA  stm32f4xx_hal_uart.o
    0x080047b8   0x00000048   Code   RO         4579    i.HAL_UART_Receive_IT  stm32f4xx_hal_uart.o
    0x08004800   0x00000038   Code   RO         1086    i.HAL_UART_RxCpltCallback  bsp_usart.o
    0x08004838   0x00000002   Code   RO         4581    i.HAL_UART_RxHalfCpltCallback  stm32f4xx_hal_uart.o
    0x0800483a   0x0000003e   Code   RO         4584    i.HAL_UART_Transmit_IT  stm32f4xx_hal_uart.o
    0x08004878   0x00000002   Code   RO         4585    i.HAL_UART_TxCpltCallback  stm32f4xx_hal_uart.o
    0x0800487a   0x00000002   Code   RO          747    i.HardFault_Handler  stm32f4xx_it.o
    0x0800487c   0x000000f4   Code   RO         1244    i.IMU_Get_Data      mpu6500.o
    0x08004970   0x000000f2   Code   RO         1245    i.IST8310_Init      mpu6500.o
    0x08004a62   0x00000038   Code   RO         1246    i.IST_Reg_Read_By_MPU  mpu6500.o
    0x08004a9a   0x00000042   Code   RO         1247    i.IST_Reg_Write_By_MPU  mpu6500.o
    0x08004adc   0x000002a0   Code   RO         1168    i.InfantryYawUpdate  imucal.o
    0x08004d7c   0x00000024   Code   RO         2125    i.JudgeDeviceState  detect.o
    0x08004da0   0x00000078   Code   RO         2126    i.JudgeGyro         detect.o
    0x08004e18   0x000000c4   Code   RO         1248    i.MPU6500_Init      mpu6500.o
    0x08004edc   0x00000050   Code   RO         1249    i.MPU6500_Read_Reg  mpu6500.o
    0x08004f2c   0x0000005c   Code   RO         1250    i.MPU6500_Read_Regs  mpu6500.o
    0x08004f88   0x00000054   Code   RO         1253    i.MPU6500_Write_Reg  mpu6500.o
    0x08004fdc   0x0000008e   Code   RO         1254    i.MPU_Auto_Read_IST_config  mpu6500.o
    0x0800506a   0x00000002   PAD
    0x0800506c   0x00000044   Code   RO          298    i.MX_CAN1_Init      can.o
    0x080050b0   0x00000048   Code   RO          299    i.MX_CAN2_Init      can.o
    0x080050f8   0x0000009c   Code   RO          345    i.MX_DMA_Init       dma.o
    0x08005194   0x000000ac   Code   RO          369    i.MX_FREERTOS_Init  freertos.o
    0x08005240   0x000001a4   Code   RO          272    i.MX_GPIO_Init      gpio.o
    0x080053e4   0x00000090   Code   RO          466    i.MX_RTC_Init       rtc.o
    0x08005474   0x00000040   Code   RO          508    i.MX_SDIO_SD_Init   sdio.o
    0x080054b4   0x00000048   Code   RO          550    i.MX_SPI5_Init      spi.o
    0x080054fc   0x0000006c   Code   RO          593    i.MX_TIM12_Init     tim.o
    0x08005568   0x000000d4   Code   RO          594    i.MX_TIM1_Init      tim.o
    0x0800563c   0x000000a0   Code   RO          595    i.MX_TIM2_Init      tim.o
    0x080056dc   0x0000007c   Code   RO          596    i.MX_TIM3_Init      tim.o
    0x08005758   0x000000a4   Code   RO          597    i.MX_TIM4_Init      tim.o
    0x080057fc   0x000000a4   Code   RO          598    i.MX_TIM5_Init      tim.o
    0x080058a0   0x000000d4   Code   RO          599    i.MX_TIM8_Init      tim.o
    0x08005974   0x00000040   Code   RO          676    i.MX_USART1_UART_Init  usart.o
    0x080059b4   0x00000038   Code   RO          677    i.MX_USART2_UART_Init  usart.o
    0x080059ec   0x00000038   Code   RO          678    i.MX_USART3_UART_Init  usart.o
    0x08005a24   0x00000038   Code   RO          679    i.MX_USART6_UART_Init  usart.o
    0x08005a5c   0x00000002   Code   RO          748    i.MemManage_Handler  stm32f4xx_it.o
    0x08005a5e   0x00000002   Code   RO          749    i.NMI_Handler       stm32f4xx_it.o
    0x08005a60   0x00000020   Code   RO         5702    i.NVIC_SetPriority  stm32f4xx_hal_cortex.o
    0x08005a80   0x00000086   Code   RO         1626    i.PID_AbsoluteMode  pid.o
    0x08005b06   0x00000002   PAD
    0x08005b08   0x00000048   Code   RO         1169    i.PID_Temp_Init     imucal.o
    0x08005b50   0x00000030   Code   RO         1421    i.PWMInit           shootcontrol.o
    0x08005b80   0x00000134   Code   RO         1346    i.PitchPID          gimbalcontrol.o
    0x08005cb4   0x00000224   Code   RO         1511    i.PrintFunction     writtingtask.o
    0x08005ed8   0x00000012   Code   RO         2515    i.RTC_Bcd2ToByte    stm32f4xx_hal_rtc.o
    0x08005eea   0x00000016   Code   RO         2516    i.RTC_ByteToBcd2    stm32f4xx_hal_rtc.o
    0x08005f00   0x0000003a   Code   RO         2517    i.RTC_EnterInitMode  stm32f4xx_hal_rtc.o
    0x08005f3a   0x00000024   Code   RO         2863    i.SDIO_ConfigData   stm32f4xx_ll_sdmmc.o
    0x08005f5e   0x00000008   Code   RO         2867    i.SDIO_GetPowerState  stm32f4xx_ll_sdmmc.o
    0x08005f66   0x0000000c   Code   RO         2868    i.SDIO_GetResponse  stm32f4xx_ll_sdmmc.o
    0x08005f72   0x00000002   PAD
    0x08005f74   0x0000000c   Code   RO          750    i.SDIO_IRQHandler   stm32f4xx_it.o
    0x08005f80   0x00000024   Code   RO         2869    i.SDIO_Init         stm32f4xx_ll_sdmmc.o
    0x08005fa4   0x00000008   Code   RO         2871    i.SDIO_PowerState_ON  stm32f4xx_ll_sdmmc.o
    0x08005fac   0x00000006   Code   RO         2872    i.SDIO_ReadFIFO     stm32f4xx_ll_sdmmc.o
    0x08005fb2   0x00000020   Code   RO         2873    i.SDIO_SendCommand  stm32f4xx_ll_sdmmc.o
    0x08005fd2   0x0000000a   Code   RO         2875    i.SDIO_WriteFIFO    stm32f4xx_ll_sdmmc.o
    0x08005fdc   0x00000032   Code   RO         2876    i.SDMMC_CmdAppCommand  stm32f4xx_ll_sdmmc.o
    0x0800600e   0x00000002   PAD
    0x08006010   0x00000034   Code   RO         2877    i.SDMMC_CmdAppOperCommand  stm32f4xx_ll_sdmmc.o
    0x08006044   0x00000032   Code   RO         2878    i.SDMMC_CmdBlockLength  stm32f4xx_ll_sdmmc.o
    0x08006076   0x00000032   Code   RO         2879    i.SDMMC_CmdBusWidth  stm32f4xx_ll_sdmmc.o
    0x080060a8   0x00000050   Code   RO         2883    i.SDMMC_CmdGoIdleState  stm32f4xx_ll_sdmmc.o
    0x080060f8   0x00000068   Code   RO         2885    i.SDMMC_CmdOperCond  stm32f4xx_ll_sdmmc.o
    0x08006160   0x00000032   Code   RO         2890    i.SDMMC_CmdSelDesel  stm32f4xx_ll_sdmmc.o
    0x08006192   0x0000002c   Code   RO         2891    i.SDMMC_CmdSendCID  stm32f4xx_ll_sdmmc.o
    0x080061be   0x0000002c   Code   RO         2892    i.SDMMC_CmdSendCSD  stm32f4xx_ll_sdmmc.o
    0x080061ea   0x00000030   Code   RO         2893    i.SDMMC_CmdSendSCR  stm32f4xx_ll_sdmmc.o
    0x0800621a   0x00000032   Code   RO         2894    i.SDMMC_CmdSendStatus  stm32f4xx_ll_sdmmc.o
    0x0800624c   0x00000030   Code   RO         2895    i.SDMMC_CmdSetRelAdd  stm32f4xx_ll_sdmmc.o
    0x0800627c   0x00000034   Code   RO         2897    i.SDMMC_CmdStopTransfer  stm32f4xx_ll_sdmmc.o
    0x080062b0   0x0000011c   Code   RO         2901    i.SDMMC_GetCmdResp1  stm32f4xx_ll_sdmmc.o
    0x080063cc   0x00000050   Code   RO         2902    i.SDMMC_GetCmdResp2  stm32f4xx_ll_sdmmc.o
    0x0800641c   0x00000040   Code   RO         2903    i.SDMMC_GetCmdResp3  stm32f4xx_ll_sdmmc.o
    0x0800645c   0x00000084   Code   RO         2904    i.SDMMC_GetCmdResp6  stm32f4xx_ll_sdmmc.o
    0x080064e0   0x00000048   Code   RO         3156    i.SD_DMARxAbort     stm32f4xx_hal_sd.o
    0x08006528   0x00000048   Code   RO         3158    i.SD_DMATxAbort     stm32f4xx_hal_sd.o
    0x08006570   0x000000d4   Code   RO         3159    i.SD_FindSCR        stm32f4xx_hal_sd.o
    0x08006644   0x000000e6   Code   RO         3160    i.SD_InitCard       stm32f4xx_hal_sd.o
    0x0800672a   0x000000a2   Code   RO         3161    i.SD_PowerON        stm32f4xx_hal_sd.o
    0x080067cc   0x0000004e   Code   RO         3163    i.SD_WideBus_Disable  stm32f4xx_hal_sd.o
    0x0800681a   0x0000004e   Code   RO         3164    i.SD_WideBus_Enable  stm32f4xx_hal_sd.o
    0x08006868   0x00000020   Code   RO         3397    i.SPI_CheckFlag_BSY  stm32f4xx_hal_spi.o
    0x08006888   0x00000096   Code   RO         3415    i.SPI_WaitFlagStateUntilTimeout  stm32f4xx_hal_spi.o
    0x0800691e   0x00000002   PAD
    0x08006920   0x00000064   Code   RO         1422    i.ShootInit         shootcontrol.o
    0x08006984   0x00000050   Code   RO         1720    i.SplitStr          stmgood.o
    0x080069d4   0x00000008   Code   RO          370    i.StartDefaultTask  freertos.o
    0x080069dc   0x00000060   Code   RO         1512    i.StartTask02       writtingtask.o
    0x08006a3c   0x0000007c   Code   RO         1513    i.StartTask03       writtingtask.o
    0x08006ab8   0x0000004c   Code   RO         1514    i.StartTask04       writtingtask.o
    0x08006b04   0x00000028   Code   RO         1515    i.StartTask05       writtingtask.o
    0x08006b2c   0x00000054   Code   RO         1516    i.StartTask06       writtingtask.o
    0x08006b80   0x00000008   Code   RO          376    i.StartTask07       freertos.o
    0x08006b88   0x00000048   Code   RO         1423    i.StirMotorStart    shootcontrol.o
    0x08006bd0   0x00000194   Code   RO         1424    i.StirPID           shootcontrol.o
    0x08006d64   0x00000134   Code   RO         1721    i.StrToFloat        stmgood.o
    0x08006e98   0x00000010   Code   RO         1723    i.Strlen            stmgood.o
    0x08006ea8   0x00000028   Code   RO         1724    i.SubStr            stmgood.o
    0x08006ed0   0x0000007c   Code   RO         1425    i.Switchshoot       shootcontrol.o
    0x08006f4c   0x0000002c   Code   RO         7184    i.SysTick_Handler   port.o
    0x08006f78   0x000000a4   Code   RO           15    i.SystemClock_Config  main.o
    0x0800701c   0x00000054   Code   RO          956    i.SystemInit        system_stm32f4xx.o
    0x08007070   0x0000000c   Code   RO          751    i.TIM6_DAC_IRQHandler  stm32f4xx_it.o
    0x0800707c   0x000000c0   Code   RO         3765    i.TIM_Base_SetConfig  stm32f4xx_hal_tim.o
    0x0800713c   0x00000016   Code   RO         3766    i.TIM_CCxChannelCmd  stm32f4xx_hal_tim.o
    0x08007152   0x00000002   PAD
    0x08007154   0x00000058   Code   RO         3774    i.TIM_OC1_SetConfig  stm32f4xx_hal_tim.o
    0x080071ac   0x00000064   Code   RO         3775    i.TIM_OC2_SetConfig  stm32f4xx_hal_tim.o
    0x08007210   0x00000060   Code   RO         3776    i.TIM_OC3_SetConfig  stm32f4xx_hal_tim.o
    0x08007270   0x00000050   Code   RO         3777    i.TIM_OC4_SetConfig  stm32f4xx_hal_tim.o
    0x080072c0   0x00000040   Code   RO         1170    i.Temp_keep         imucal.o
    0x08007300   0x00000010   Code   RO         1426    i.Turn_off_Fric     shootcontrol.o
    0x08007310   0x0000000c   Code   RO         1427    i.Turn_on_Fric      shootcontrol.o
    0x0800731c   0x00000010   Code   RO         4587    i.UART_DMAAbortOnError  stm32f4xx_hal_uart.o
    0x0800732c   0x0000004a   Code   RO         4588    i.UART_DMAError     stm32f4xx_hal_uart.o
    0x08007376   0x0000003c   Code   RO         4589    i.UART_DMAReceiveCplt  stm32f4xx_hal_uart.o
    0x080073b2   0x0000000a   Code   RO         4591    i.UART_DMARxHalfCplt  stm32f4xx_hal_uart.o
    0x080073bc   0x0000001c   Code   RO         4597    i.UART_EndRxTransfer  stm32f4xx_hal_uart.o
    0x080073d8   0x00000012   Code   RO         4598    i.UART_EndTxTransfer  stm32f4xx_hal_uart.o
    0x080073ea   0x0000008c   Code   RO         4599    i.UART_Receive_IT   stm32f4xx_hal_uart.o
    0x08007476   0x00000002   PAD
    0x08007478   0x000002ac   Code   RO         4600    i.UART_SetConfig    stm32f4xx_hal_uart.o
    0x08007724   0x00000062   Code   RO         4601    i.UART_Transmit_IT  stm32f4xx_hal_uart.o
    0x08007786   0x00000002   PAD
    0x08007788   0x00000048   Code   RO         1088    i.USART1_Enable     bsp_usart.o
    0x080077d0   0x00000034   Code   RO         1089    i.USART1_IDLE_IRQ   bsp_usart.o
    0x08007804   0x00000004   Code   RO          752    i.USART1_IRQHandler  stm32f4xx_it.o
    0x08007808   0x00000024   Code   RO         1090    i.USART2_Enable     bsp_usart.o
    0x0800782c   0x0000000c   Code   RO          753    i.USART2_IRQHandler  stm32f4xx_it.o
    0x08007838   0x00000024   Code   RO         1091    i.USART3_Enable     bsp_usart.o
    0x0800785c   0x0000000c   Code   RO          754    i.USART6_IRQHandler  stm32f4xx_it.o
    0x08007868   0x00000002   Code   RO          755    i.UsageFault_Handler  stm32f4xx_it.o
    0x0800786a   0x00000002   PAD
    0x0800786c   0x00000148   Code   RO         1347    i.YawPID            gimbalcontrol.o
    0x080079b4   0x00000020   Code   RO         7536    i.__0printf         mc_w.l(printfa.o)
    0x080079d4   0x00000030   Code   RO         7612    i.__ARM_fpclassify  m_wm.l(fpclassify.o)
    0x08007a04   0x00000004   PAD
    0x08007a08   0x00000360   Code   RO         7260    i.__hardfp_asin     m_wm.l(asin.o)
    0x08007d68   0x000002d8   Code   RO         7584    i.__hardfp_atan     m_wm.l(atan.o)
    0x08008040   0x000001f0   Code   RO         7274    i.__hardfp_atan2    m_wm.l(atan2.o)
    0x08008230   0x000000f8   Code   RO         7614    i.__kernel_poly     m_wm.l(poly.o)
    0x08008328   0x00000014   Code   RO         7599    i.__mathlib_dbl_infnan  m_wm.l(dunder.o)
    0x0800833c   0x00000014   Code   RO         7600    i.__mathlib_dbl_infnan2  m_wm.l(dunder.o)
    0x08008350   0x00000020   Code   RO         7601    i.__mathlib_dbl_invalid  m_wm.l(dunder.o)
    0x08008370   0x00000020   Code   RO         7604    i.__mathlib_dbl_underflow  m_wm.l(dunder.o)
    0x08008390   0x0000000e   Code   RO         7676    i.__scatterload_copy  mc_w.l(handlers.o)
    0x0800839e   0x00000002   Code   RO         7677    i.__scatterload_null  mc_w.l(handlers.o)
    0x080083a0   0x0000000e   Code   RO         7678    i.__scatterload_zeroinit  mc_w.l(handlers.o)
    0x080083ae   0x00000002   PAD
    0x080083b0   0x0000000c   Code   RO         7654    i.__set_errno       mc_w.l(errno.o)
    0x080083bc   0x00000184   Code   RO         7543    i._fp_digits        mc_w.l(printfa.o)
    0x08008540   0x000006dc   Code   RO         7544    i._printf_core      mc_w.l(printfa.o)
    0x08008c1c   0x00000024   Code   RO         7545    i._printf_post_padding  mc_w.l(printfa.o)
    0x08008c40   0x0000002e   Code   RO         7546    i._printf_pre_padding  mc_w.l(printfa.o)
    0x08008c6e   0x00000010   Code   RO         7586    i.atan              m_wm.l(atan.o)
    0x08008c7e   0x00000002   PAD
    0x08008c80   0x000002cc   Code   RO         1731    i.cmd               stmgood.o
    0x08008f4c   0x00000018   Code   RO         7288    i.fabs              m_wm.l(fabs.o)
    0x08008f64   0x00000018   Code   RO         1092    i.fputc             bsp_usart.o
    0x08008f7c   0x00000010   Code   RO         1733    i.go1               stmgood.o
    0x08008f8c   0x00000388   Code   RO         1171    i.imu_AHRS_update   imucal.o
    0x08009314   0x00000016   Code   RO         1172    i.imu_cal_update    imucal.o
    0x0800932a   0x00000002   PAD
    0x0800932c   0x00000188   Code   RO         1173    i.init_quaternion   imucal.o
    0x080094b4   0x0000002c   Code   RO         1174    i.invSqrt           imucal.o
    0x080094e0   0x00000082   Code   RO           16    i.main              main.o
    0x08009562   0x0000000c   Code   RO         6761    i.makeFreeRtosPriority  cmsis_os.o
    0x0800956e   0x00000002   PAD
    0x08009570   0x00000078   Code   RO         1255    i.mpu_offset_init   mpu6500.o
    0x080095e8   0x00000068   Code   RO         1740    i.multi1            stmgood.o
    0x08009650   0x00000068   Code   RO         1741    i.multi2            stmgood.o
    0x080096b8   0x00000050   Code   RO         1742    i.multi3            stmgood.o
    0x08009708   0x0000004c   Code   RO         1743    i.multi4            stmgood.o
    0x08009754   0x0000000e   Code   RO         6763    i.osDelay           cmsis_os.o
    0x08009762   0x0000000a   Code   RO         6766    i.osKernelStart     cmsis_os.o
    0x0800976c   0x0000002e   Code   RO         6800    i.osThreadCreate    cmsis_os.o
    0x0800979a   0x00000002   PAD
    0x0800979c   0x00000070   Code   RO         6305    i.prvAddCurrentTaskToDelayedList  tasks.o
    0x0800980c   0x000000d0   Code   RO         6306    i.prvAddNewTaskToReadyList  tasks.o
    0x080098dc   0x00000050   Code   RO         6642    i.prvCheckForValidListAndQueue  timers.o
    0x0800992c   0x00000050   Code   RO         6307    i.prvCheckTasksWaitingTermination  tasks.o
    0x0800997c   0x00000026   Code   RO         6140    i.prvCopyDataFromQueue  queue.o
    0x080099a2   0x0000006c   Code   RO         6141    i.prvCopyDataToQueue  queue.o
    0x08009a0e   0x00000014   Code   RO         6308    i.prvDeleteTCB      tasks.o
    0x08009a22   0x00000002   PAD
    0x08009a24   0x0000004c   Code   RO         7134    i.prvHeapInit       heap_4.o
    0x08009a70   0x00000028   Code   RO         6309    i.prvIdleTask       tasks.o
    0x08009a98   0x0000009c   Code   RO         6310    i.prvInitialiseNewTask  tasks.o
    0x08009b34   0x0000004c   Code   RO         7135    i.prvInsertBlockIntoFreeList  heap_4.o
    0x08009b80   0x00000038   Code   RO         6643    i.prvInsertTimerInActiveList  timers.o
    0x08009bb8   0x0000001c   Code   RO         6142    i.prvIsQueueEmpty   queue.o
    0x08009bd4   0x000000b8   Code   RO         6644    i.prvProcessReceivedCommands  timers.o
    0x08009c8c   0x000000b4   Code   RO         6645    i.prvProcessTimerOrBlockTask  timers.o
    0x08009d40   0x00000020   Code   RO         6312    i.prvResetNextTaskUnblockTime  tasks.o
    0x08009d60   0x00000028   Code   RO         6646    i.prvSampleTimeNow  timers.o
    0x08009d88   0x0000006c   Code   RO         6647    i.prvSwitchTimerLists  timers.o
    0x08009df4   0x00000028   Code   RO         7185    i.prvTaskExitError  port.o
    0x08009e1c   0x00000024   Code   RO         6648    i.prvTimerTask      timers.o
    0x08009e40   0x0000006a   Code   RO         6143    i.prvUnlockQueue    queue.o
    0x08009eaa   0x00000002   PAD
    0x08009eac   0x000000d8   Code   RO         7136    i.pvPortMalloc      heap_4.o
    0x08009f84   0x00000018   Code   RO         6315    i.pvTaskIncrementMutexHeldCount  tasks.o
    0x08009f9c   0x0000002c   Code   RO         7186    i.pxPortInitialiseStack  port.o
    0x08009fc8   0x0000006e   Code   RO         7619    i.sqrt              m_wm.l(sqrt.o)
    0x0800a036   0x00000024   Code   RO         6103    i.uxListRemove      list.o
    0x0800a05a   0x00000002   Code   RO          377    i.vApplicationStackOverflowHook  freertos.o
    0x0800a05c   0x00000016   Code   RO         6104    i.vListInitialise   list.o
    0x0800a072   0x00000006   Code   RO         6105    i.vListInitialiseItem  list.o
    0x0800a078   0x00000030   Code   RO         6106    i.vListInsert       list.o
    0x0800a0a8   0x00000018   Code   RO         6107    i.vListInsertEnd    list.o
    0x0800a0c0   0x00000040   Code   RO         7188    i.vPortEnterCritical  port.o
    0x0800a100   0x00000028   Code   RO         7189    i.vPortExitCritical  port.o
    0x0800a128   0x0000005c   Code   RO         7137    i.vPortFree         heap_4.o
    0x0800a184   0x00000020   Code   RO         7190    i.vPortSetupTimerInterrupt  port.o
    0x0800a1a4   0x00000054   Code   RO         7191    i.vPortValidateInterruptPriority  port.o
    0x0800a1f8   0x00000028   Code   RO         6149    i.vQueueAddToRegistry  queue.o
    0x0800a220   0x00000044   Code   RO         6153    i.vQueueWaitForMessageRestricted  queue.o
    0x0800a264   0x0000004c   Code   RO         6324    i.vTaskDelay        tasks.o
    0x0800a2b0   0x0000000c   Code   RO         6329    i.vTaskMissedYield  tasks.o
    0x0800a2bc   0x00000030   Code   RO         6331    i.vTaskPlaceOnEventList  tasks.o
    0x0800a2ec   0x00000038   Code   RO         6332    i.vTaskPlaceOnEventListRestricted  tasks.o
    0x0800a324   0x00000084   Code   RO         6334    i.vTaskPriorityInherit  tasks.o
    0x0800a3a8   0x00000024   Code   RO         6338    i.vTaskSetTimeOutState  tasks.o
    0x0800a3cc   0x00000070   Code   RO         6339    i.vTaskStartScheduler  tasks.o
    0x0800a43c   0x00000010   Code   RO         6341    i.vTaskSuspendAll   tasks.o
    0x0800a44c   0x00000074   Code   RO         6342    i.vTaskSwitchContext  tasks.o
    0x0800a4c0   0x000000e0   Code   RO         7192    i.xPortStartScheduler  port.o
    0x0800a5a0   0x00000052   Code   RO         6155    i.xQueueGenericCreate  queue.o
    0x0800a5f2   0x00000002   PAD
    0x0800a5f4   0x0000016c   Code   RO         6156    i.xQueueGenericReceive  queue.o
    0x0800a760   0x00000088   Code   RO         6157    i.xQueueGenericReset  queue.o
    0x0800a7e8   0x00000160   Code   RO         6158    i.xQueueGenericSend  queue.o
    0x0800a948   0x000000bc   Code   RO         6159    i.xQueueGenericSendFromISR  queue.o
    0x0800aa04   0x0000006c   Code   RO         6343    i.xTaskCheckForTimeOut  tasks.o
    0x0800aa70   0x00000056   Code   RO         6344    i.xTaskCreate       tasks.o
    0x0800aac6   0x00000002   PAD
    0x0800aac8   0x0000001c   Code   RO         6348    i.xTaskGetSchedulerState  tasks.o
    0x0800aae4   0x0000000c   Code   RO         6349    i.xTaskGetTickCount  tasks.o
    0x0800aaf0   0x000000c8   Code   RO         6351    i.xTaskIncrementTick  tasks.o
    0x0800abb8   0x00000098   Code   RO         6354    i.xTaskPriorityDisinherit  tasks.o
    0x0800ac50   0x00000074   Code   RO         6355    i.xTaskRemoveFromEventList  tasks.o
    0x0800acc4   0x000000c4   Code   RO         6357    i.xTaskResumeAll    tasks.o
    0x0800ad88   0x00000048   Code   RO         6652    i.xTimerCreateTimerTask  timers.o
    0x0800add0   0x00000060   Code   RO         6653    i.xTimerGenericCommand  timers.o
    0x0800ae30   0x00000018   Code   RO         1587    i.xdelay_ms         delay.o
    0x0800ae48   0x0000008c   Data   RO          378    .constdata          freertos.o
    0x0800aed4   0x00000010   Data   RO          957    .constdata          system_stm32f4xx.o
    0x0800aee4   0x00000008   Data   RO          958    .constdata          system_stm32f4xx.o
    0x0800aeec   0x0000000e   Data   RO         1257    .constdata          mpu6500.o
    0x0800aefa   0x00000008   Data   RO         5401    .constdata          stm32f4xx_hal_dma.o
    0x0800af02   0x00000006   PAD
    0x0800af08   0x00000050   Data   RO         7263    .constdata          m_wm.l(asin.o)
    0x0800af58   0x00000098   Data   RO         7587    .constdata          m_wm.l(atan.o)
    0x0800aff0   0x00000008   Data   RO         7616    .constdata          m_wm.l(qnan.o)
    0x0800aff8   0x00000054   Data   RO          379    .conststring        freertos.o
    0x0800b04c   0x00000020   Data   RO         7674    Region$$Table       anon$$obj.o


    Execution Region RW_IRAM1 (Base: 0x20000000, Size: 0x00005300, Max: 0x00030000, ABSOLUTE, COMPRESSED[0x00000028])

    Base Addr    Size         Type   Attr      Idx    E Section Name        Object

    0x20000000   0x00000004   Data   RW          301    .data               can.o
    0x20000004   0x0000001c   Data   RW          380    .data               freertos.o
    0x20000020   0x00000004   Data   RW          959    .data               system_stm32f4xx.o
    0x20000024   0x00000008   Data   RW         1000    .data               bsp_can.o
    0x2000002c   0x0000007c   Data   RW         1176    .data               imucal.o
    0x200000a8   0x00000014   Data   RW         1259    .data               mpu6500.o
    0x200000bc   0x00000008   Data   RW         1351    .data               gimbalcontrol.o
    0x200000c4   0x00000018   Data   RW         1429    .data               shootcontrol.o
    0x200000dc   0x00000028   Data   RW         1517    .data               writtingtask.o
    0x20000104   0x00000004   PAD
    0x20000108   0x00000078   Data   RW         1779    .data               stmgood.o
    0x20000180   0x00000010   Data   RW         2129    .data               detect.o
    0x20000190   0x00000009   Data   RW         2185    .data               ano_dt.o
    0x20000199   0x00000003   PAD
    0x2000019c   0x0000000c   Data   RW         5846    .data               stm32f4xx_hal.o
    0x200001a8   0x0000003c   Data   RW         6360    .data               tasks.o
    0x200001e4   0x00000014   Data   RW         6659    .data               timers.o
    0x200001f8   0x00000018   Data   RW         7142    .data               heap_4.o
    0x20000210   0x0000000c   Data   RW         7193    .data               port.o
    0x2000021c   0x00000004   Data   RW         7643    .data               mc_w.l(stdout.o)
    0x20000220   0x00000004   Data   RW         7655    .data               mc_w.l(errno.o)
    0x20000224   0x00000050   Zero   RW          300    .bss                can.o
    0x20000274   0x00000020   Zero   RW          467    .bss                rtc.o
    0x20000294   0x00000084   Zero   RW          509    .bss                sdio.o
    0x20000318   0x00000058   Zero   RW          551    .bss                spi.o
    0x20000370   0x000001a4   Zero   RW          600    .bss                tim.o
    0x20000514   0x000003a0   Zero   RW          680    .bss                usart.o
    0x200008b4   0x0000003c   Zero   RW          919    .bss                stm32f4xx_hal_timebase_tim_1.o
    0x200008f0   0x00000044   Zero   RW          998    .bss                bsp_can.o
    0x20000934   0x0000000c   Zero   RW          999    .bss                bsp_can.o
    0x20000940   0x000000c8   Zero   RW         1093    .bss                bsp_usart.o
    0x20000a08   0x0000002c   Zero   RW         1175    .bss                imucal.o
    0x20000a34   0x0000003c   Zero   RW         1256    .bss                mpu6500.o
    0x20000a70   0x00000124   Zero   RW         1348    .bss                gimbalcontrol.o
    0x20000b94   0x00000004   PAD
    0x20000b98   0x00000088   Zero   RW         1428    .bss                shootcontrol.o
    0x20000c20   0x00000026   Zero   RW         1648    .bss                dbus.o
    0x20000c46   0x00000002   PAD
    0x20000c48   0x00000450   Zero   RW         1778    .bss                stmgood.o
    0x20001098   0x00000090   Zero   RW         2127    .bss                detect.o
    0x20001128   0x0000000b   Zero   RW         2128    .bss                detect.o
    0x20001133   0x00000071   Zero   RW         2184    .bss                ano_dt.o
    0x200011a4   0x00000040   Zero   RW         6165    .bss                queue.o
    0x200011e4   0x000000f0   Zero   RW         6359    .bss                tasks.o
    0x200012d4   0x00000028   Zero   RW         6658    .bss                timers.o
    0x200012fc   0x00003c00   Zero   RW         7141    .bss                heap_4.o
    0x20004efc   0x00000004   PAD
    0x20004f00   0x00000400   Zero   RW            1    STACK               startup_stm32f427xx.o


==============================================================================

Image component sizes


      Code (inc. data)   RO Data    RW Data    ZI Data      Debug   Object Name

       724         56          0          9        113       5556   ano_dt.o
       648         68          0          8         80       4167   bsp_can.o
       294         60          0          0        200       4512   bsp_usart.o
       424         40          0          4         80       2394   can.o
        82          0          0          0          0      12601   cmsis_os.o
       220         14          0          0         38       1664   dbus.o
        24          0          0          0          0        596   delay.o
       340         30          0         16        155       3205   detect.o
       156          4          0          0          0        814   dma.o
         0          0          0          0          0       9484   event_groups.o
       190         10        224         28          0       3146   freertos.o
      1296        200          0          8        292       6066   gimbalcontrol.o
       420         32          0          0          0       1179   gpio.o
       460         24          0         24      15360       4699   heap_4.o
      2170        194          0        124         44       6045   imucal.o
       136          0          0          0          0       3466   list.o
       316         14          0          0          0     817119   main.o
      1322         92         14         20         60       8058   mpu6500.o
       134          0          0          0          0        795   pid.o
       758         84          0         12          0      11745   port.o
      1510         20          0          0         64      14081   queue.o
       168         16          0          0         32       1495   rtc.o
       228         26          0          0        132       1665   sdio.o
       908        160          0         24        136       8174   shootcontrol.o
       180         24          0          0         88       1601   spi.o
        36          8        428          0       1024        824   startup_stm32f427xx.o
       116         18          0         12          0       3814   stm32f4xx_hal.o
      1660          6          0          0          0      13751   stm32f4xx_hal_can.o
       154         14          0          0          0      29554   stm32f4xx_hal_cortex.o
      1160         16          8          0          0       8098   stm32f4xx_hal_dma.o
       478         52          0          0          0       3001   stm32f4xx_hal_gpio.o
        56          4          0          0          0        814   stm32f4xx_hal_msp.o
       112         14          0          0          0       1264   stm32f4xx_hal_pwr_ex.o
      1328         90          0          0          0       5717   stm32f4xx_hal_rcc.o
       564         36          0          0          0       1572   stm32f4xx_hal_rcc_ex.o
       764         16          0          0          0       5848   stm32f4xx_hal_rtc.o
       194          0          0          0          0       1403   stm32f4xx_hal_rtc_ex.o
      2136         14          0          0          0      13816   stm32f4xx_hal_sd.o
       782          0          0          0          0       4349   stm32f4xx_hal_spi.o
      1342         88          0          0          0      12689   stm32f4xx_hal_tim.o
       174          0          0          0          0       3178   stm32f4xx_hal_tim_ex.o
       116         16          0          0         60       1363   stm32f4xx_hal_timebase_tim_1.o
      1876         28          0          0          0      12277   stm32f4xx_hal_uart.o
       204         88          0          0          0       9945   stm32f4xx_it.o
      1430         42          0          0          0      19335   stm32f4xx_ll_sdmmc.o
      2450        466          0        120       1104      12606   stmgood.o
        84         18         24          4          0       1123   system_stm32f4xx.o
      2174        180          0         60        240      23771   tasks.o
      1764        144          0          0        420       6963   tim.o
       852         78          0         20         40      17531   timers.o
      1016         92          0          0        928       4334   usart.o
       968        384          0         40          0       3670   writtingtask.o

    ----------------------------------------------------------------------
     37162       3080        736        540      20700    1156937   Object Totals
         0          0         32          0          0          0   (incl. Generated)
        64          0          6          7         10          0   (incl. Padding)

    ----------------------------------------------------------------------

      Code (inc. data)   RO Data    RW Data    ZI Data      Debug   Library Member Name

       864         94         80          0          0        280   asin.o
       744        106        152          0          0        352   atan.o
       496         64          0          0          0        192   atan2.o
       104         16          0          0          0        496   dunder.o
        24          0          0          0          0        124   fabs.o
        48          0          0          0          0        124   fpclassify.o
       248          0          0          0          0        152   poly.o
         0          0          8          0          0          0   qnan.o
       110          0          0          0          0        148   sqrt.o
        86          0          0          0          0          0   __dczerorl2.o
         0          0          0          0          0          0   entry.o
         0          0          0          0          0          0   entry10a.o
         0          0          0          0          0          0   entry11a.o
         8          4          0          0          0          0   entry2.o
         4          0          0          0          0          0   entry5.o
         0          0          0          0          0          0   entry7b.o
         0          0          0          0          0          0   entry8b.o
         8          4          0          0          0          0   entry9a.o
        12          6          0          4          0         68   errno.o
        30          0          0          0          0          0   handlers.o
        36          8          0          0          0         68   init.o
         0          0          0          0          0          0   iusefp.o
        30          0          0          0          0         68   llshl.o
        36          0          0          0          0         68   llsshr.o
        32          0          0          0          0         68   llushr.o
        36          0          0          0          0         68   memcpya.o
        36          0          0          0          0        108   memseta.o
      2258         90          0          0          0        452   printfa.o
         0          0          0          4          0          0   stdout.o
        44          0          0          0          0         80   uidiv.o
        98          0          0          0          0         92   uldiv.o
        48          0          0          0          0         68   cdrcmple.o
        56          0          0          0          0         88   d2f.o
       334          0          0          0          0        148   dadd.o
       222          0          0          0          0        100   ddiv.o
       186          0          0          0          0        176   depilogue.o
        74          0          0          0          0         80   dfixl.o
        48          0          0          0          0         68   dfixul.o
        34          0          0          0          0         76   dflti.o
        40          0          0          0          0         80   dfltl.o
       228          0          0          0          0         96   dmul.o
       162          0          0          0          0        100   dsqrt.o
        38          0          0          0          0         68   f2d.o
       110          0          0          0          0        168   fepilogue.o
        44          0          0          0          0         92   ffltl.o

    ----------------------------------------------------------------------
      7026        392        240          8          0       4416   Library Totals
        10          0          0          0          0          0   (incl. Padding)

    ----------------------------------------------------------------------

      Code (inc. data)   RO Data    RW Data    ZI Data      Debug   Library Name

      2638        280        240          0          0       1868   m_wm.l
      2754        112          0          8          0       1140   mc_w.l
      1624          0          0          0          0       1408   mf_w.l

    ----------------------------------------------------------------------
      7026        392        240          8          0       4416   Library Totals

    ----------------------------------------------------------------------

==============================================================================


      Code (inc. data)   RO Data    RW Data    ZI Data      Debug   

     44188       3472        976        548      20700    1126337   Grand Totals
     44188       3472        976         40      20700    1126337   ELF Image Totals (compressed)
     44188       3472        976         40          0          0   ROM Totals

==============================================================================

    Total RO  Size (Code + RO Data)                45164 (  44.11kB)
    Total RW  Size (RW Data + ZI Data)             21248 (  20.75kB)
    Total ROM Size (Code + RO Data + RW Data)      45204 (  44.14kB)

==============================================================================

